Archive member included to satisfy reference by file (symbol)

/Applications/STM32CubeIDE.app/Contents/Eclipse/plugins/com.st.stm32cube.ide.mcu.externaltools.gnu-tools-for-stm32.13.3.rel1.macos64_1.0.0.202411102158/tools/bin/../lib/gcc/arm-none-eabi/13.3.1/../../../../arm-none-eabi/lib/thumb/v7e-m+fp/hard/libc_nano.a(libc_a-exit.o)
                              /Applications/STM32CubeIDE.app/Contents/Eclipse/plugins/com.st.stm32cube.ide.mcu.externaltools.gnu-tools-for-stm32.13.3.rel1.macos64_1.0.0.202411102158/tools/bin/../lib/gcc/arm-none-eabi/13.3.1/../../../../arm-none-eabi/lib/thumb/v7e-m+fp/hard/crt0.o (exit)
/Applications/STM32CubeIDE.app/Contents/Eclipse/plugins/com.st.stm32cube.ide.mcu.externaltools.gnu-tools-for-stm32.13.3.rel1.macos64_1.0.0.202411102158/tools/bin/../lib/gcc/arm-none-eabi/13.3.1/../../../../arm-none-eabi/lib/thumb/v7e-m+fp/hard/libc_nano.a(libc_a-findfp.o)
                              /Applications/STM32CubeIDE.app/Contents/Eclipse/plugins/com.st.stm32cube.ide.mcu.externaltools.gnu-tools-for-stm32.13.3.rel1.macos64_1.0.0.202411102158/tools/bin/../lib/gcc/arm-none-eabi/13.3.1/../../../../arm-none-eabi/lib/thumb/v7e-m+fp/hard/libc_nano.a(libc_a-exit.o) (__stdio_exit_handler)
/Applications/STM32CubeIDE.app/Contents/Eclipse/plugins/com.st.stm32cube.ide.mcu.externaltools.gnu-tools-for-stm32.13.3.rel1.macos64_1.0.0.202411102158/tools/bin/../lib/gcc/arm-none-eabi/13.3.1/../../../../arm-none-eabi/lib/thumb/v7e-m+fp/hard/libc_nano.a(libc_a-fwalk.o)
                              /Applications/STM32CubeIDE.app/Contents/Eclipse/plugins/com.st.stm32cube.ide.mcu.externaltools.gnu-tools-for-stm32.13.3.rel1.macos64_1.0.0.202411102158/tools/bin/../lib/gcc/arm-none-eabi/13.3.1/../../../../arm-none-eabi/lib/thumb/v7e-m+fp/hard/libc_nano.a(libc_a-findfp.o) (_fwalk_sglue)
/Applications/STM32CubeIDE.app/Contents/Eclipse/plugins/com.st.stm32cube.ide.mcu.externaltools.gnu-tools-for-stm32.13.3.rel1.macos64_1.0.0.202411102158/tools/bin/../lib/gcc/arm-none-eabi/13.3.1/../../../../arm-none-eabi/lib/thumb/v7e-m+fp/hard/libc_nano.a(libc_a-memset.o)
                              /Applications/STM32CubeIDE.app/Contents/Eclipse/plugins/com.st.stm32cube.ide.mcu.externaltools.gnu-tools-for-stm32.13.3.rel1.macos64_1.0.0.202411102158/tools/bin/../lib/gcc/arm-none-eabi/13.3.1/../../../../arm-none-eabi/lib/thumb/v7e-m+fp/hard/crt0.o (memset)
/Applications/STM32CubeIDE.app/Contents/Eclipse/plugins/com.st.stm32cube.ide.mcu.externaltools.gnu-tools-for-stm32.13.3.rel1.macos64_1.0.0.202411102158/tools/bin/../lib/gcc/arm-none-eabi/13.3.1/../../../../arm-none-eabi/lib/thumb/v7e-m+fp/hard/libc_nano.a(libc_a-strstr.o)
                              ./Core/Src/main.o (strstr)
/Applications/STM32CubeIDE.app/Contents/Eclipse/plugins/com.st.stm32cube.ide.mcu.externaltools.gnu-tools-for-stm32.13.3.rel1.macos64_1.0.0.202411102158/tools/bin/../lib/gcc/arm-none-eabi/13.3.1/../../../../arm-none-eabi/lib/thumb/v7e-m+fp/hard/libc_nano.a(libc_a-errno.o)
                              ./Core/Src/syscalls.o (__errno)
/Applications/STM32CubeIDE.app/Contents/Eclipse/plugins/com.st.stm32cube.ide.mcu.externaltools.gnu-tools-for-stm32.13.3.rel1.macos64_1.0.0.202411102158/tools/bin/../lib/gcc/arm-none-eabi/13.3.1/../../../../arm-none-eabi/lib/thumb/v7e-m+fp/hard/libc_nano.a(libc_a-init.o)
                              /Applications/STM32CubeIDE.app/Contents/Eclipse/plugins/com.st.stm32cube.ide.mcu.externaltools.gnu-tools-for-stm32.13.3.rel1.macos64_1.0.0.202411102158/tools/bin/../lib/gcc/arm-none-eabi/13.3.1/../../../../arm-none-eabi/lib/thumb/v7e-m+fp/hard/crt0.o (__libc_init_array)
/Applications/STM32CubeIDE.app/Contents/Eclipse/plugins/com.st.stm32cube.ide.mcu.externaltools.gnu-tools-for-stm32.13.3.rel1.macos64_1.0.0.202411102158/tools/bin/../lib/gcc/arm-none-eabi/13.3.1/../../../../arm-none-eabi/lib/thumb/v7e-m+fp/hard/libc_nano.a(libc_a-lock.o)
                              /Applications/STM32CubeIDE.app/Contents/Eclipse/plugins/com.st.stm32cube.ide.mcu.externaltools.gnu-tools-for-stm32.13.3.rel1.macos64_1.0.0.202411102158/tools/bin/../lib/gcc/arm-none-eabi/13.3.1/../../../../arm-none-eabi/lib/thumb/v7e-m+fp/hard/libc_nano.a(libc_a-findfp.o) (__retarget_lock_init_recursive)
/Applications/STM32CubeIDE.app/Contents/Eclipse/plugins/com.st.stm32cube.ide.mcu.externaltools.gnu-tools-for-stm32.13.3.rel1.macos64_1.0.0.202411102158/tools/bin/../lib/gcc/arm-none-eabi/13.3.1/../../../../arm-none-eabi/lib/thumb/v7e-m+fp/hard/libc_nano.a(libc_a-impure.o)
                              /Applications/STM32CubeIDE.app/Contents/Eclipse/plugins/com.st.stm32cube.ide.mcu.externaltools.gnu-tools-for-stm32.13.3.rel1.macos64_1.0.0.202411102158/tools/bin/../lib/gcc/arm-none-eabi/13.3.1/../../../../arm-none-eabi/lib/thumb/v7e-m+fp/hard/libc_nano.a(libc_a-errno.o) (_impure_ptr)
[...]
Memory Configuration

Name             Origin             Length             Attributes
CCMRAM           0x10000000         0x00002000         xrw
RAM              0x20000000         0x0000a000         xrw
FLASH            0x08000000         0x00040000         xr
*default*        0x00000000         0xffffffff

Linker script and memory map

LOAD /Applications/STM32CubeIDE.app/Contents/Eclipse/plugins/com.st.stm32cube.ide.mcu.externaltools.gnu-tools-for-stm32.13.3.rel1.macos64_1.0.0.202411102158/tools/bin/../lib/gcc/arm-none-eabi/13.3.1/thumb/v7e-m+fp/hard/crti.o
LOAD /Applications/STM32CubeIDE.app/Contents/Eclipse/plugins/com.st.stm32cube.ide.mcu.externaltools.gnu-tools-for-stm32.13.3.rel1.macos64_1.0.0.202411102158/tools/bin/../lib/gcc/arm-none-eabi/13.3.1/thumb/v7e-m+fp/hard/crtbegin.o
LOAD /Applications/STM32CubeIDE.app/Contents/Eclipse/plugins/com.st.stm32cube.ide.mcu.externaltools.gnu-tools-for-stm32.13.3.rel1.macos64_1.0.0.202411102158/tools/bin/../lib/gcc/arm-none-eabi/13.3.1/../../../../arm-none-eabi/lib/thumb/v7e-m+fp/hard/crt0.o
LOAD ./Core/Src/main.o
LOAD ./Core/Src/stm32f3xx_hal_msp.o
LOAD ./Core/Src/stm32f3xx_it.o
LOAD ./Core/Src/syscalls.o
LOAD ./Core/Src/sysmem.o
LOAD ./Core/Src/system_stm32f3xx.o
LOAD ./Core/Startup/startup_stm32f303vctx.o
LOAD ./Drivers/STM32F3xx_HAL_Driver/Src/stm32f3xx_hal.o
LOAD ./Drivers/STM32F3xx_HAL_Driver/Src/stm32f3xx_hal_cortex.o
LOAD ./Drivers/STM32F3xx_HAL_Driver/Src/stm32f3xx_hal_dma.o
LOAD ./Drivers/STM32F3xx_HAL_Driver/Src/stm32f3xx_hal_exti.o
LOAD ./Drivers/STM32F3xx_HAL_Driver/Src/stm32f3xx_hal_flash.o
LOAD ./Drivers/STM32F3xx_HAL_Driver/Src/stm32f3xx_hal_flash_ex.o
LOAD ./Drivers/STM32F3xx_HAL_Driver/Src/stm32f3xx_hal_gpio.o
LOAD ./Drivers/STM32F3xx_HAL_Driver/Src/stm32f3xx_hal_i2c.o
LOAD ./Drivers/STM32F3xx_HAL_Driver/Src/stm32f3xx_hal_i2c_ex.o
LOAD ./Drivers/STM32F3xx_HAL_Driver/Src/stm32f3xx_hal_pcd.o
LOAD ./Drivers/STM32F3xx_HAL_Driver/Src/stm32f3xx_hal_pcd_ex.o
LOAD ./Drivers/STM32F3xx_HAL_Driver/Src/stm32f3xx_hal_pwr.o
LOAD ./Drivers/STM32F3xx_HAL_Driver/Src/stm32f3xx_hal_pwr_ex.o
LOAD ./Drivers/STM32F3xx_HAL_Driver/Src/stm32f3xx_hal_rcc.o
LOAD ./Drivers/STM32F3xx_HAL_Driver/Src/stm32f3xx_hal_rcc_ex.o
LOAD ./Drivers/STM32F3xx_HAL_Driver/Src/stm32f3xx_hal_spi.o
LOAD ./Drivers/STM32F3xx_HAL_Driver/Src/stm32f3xx_hal_spi_ex.o
LOAD ./Drivers/STM32F3xx_HAL_Driver/Src/stm32f3xx_hal_uart.o
LOAD ./Drivers/STM32F3xx_HAL_Driver/Src/stm32f3xx_hal_uart_ex.o
LOAD ./Drivers/STM32F3xx_HAL_Driver/Src/stm32f3xx_ll_usb.o
LOAD ./Middlewares/ST/STM32_USB_Device_Library/Class/CDC/Src/usbd_cdc.o
LOAD ./Middlewares/ST/STM32_USB_Device_Library/Core/Src/usbd_core.o
LOAD ./Middlewares/ST/STM32_USB_Device_Library/Core/Src/usbd_ctlreq.o
LOAD ./Middlewares/ST/STM32_USB_Device_Library/Core/Src/usbd_ioreq.o
LOAD ./USB_DEVICE/App/usb_device.o
LOAD ./USB_DEVICE/App/usbd_cdc_if.o
LOAD ./USB_DEVICE/App/usbd_desc.o
LOAD ./USB_DEVICE/Target/usbd_conf.o
START GROUP
LOAD /Applications/STM32CubeIDE.app/Contents/Eclipse/plugins/com.st.stm32cube.ide.mcu.externaltools.gnu-tools-for-stm32.13.3.rel1.macos64_1.0.0.202411102158/tools/bin/../lib/gcc/arm-none-eabi/13.3.1/../../../../arm-none-eabi/lib/thumb/v7e-m+fp/hard/libc_nano.a
LOAD /Applications/STM32CubeIDE.app/Contents/Eclipse/plugins/com.st.stm32cube.ide.mcu.externaltools.gnu-tools-for-stm32.13.3.rel1.macos64_1.0.0.202411102158/tools/bin/../lib/gcc/arm-none-eabi/13.3.1/../../../../arm-none-eabi/lib/thumb/v7e-m+fp/hard/libm.a
END GROUP
START GROUP
LOAD /Applications/STM32CubeIDE.app/Contents/Eclipse/plugins/com.st.stm32cube.ide.mcu.externaltools.gnu-tools-for-stm32.13.3.rel1.macos64_1.0.0.202411102158/tools/bin/../lib/gcc/arm-none-eabi/13.3.1/thumb/v7e-m+fp/hard/libgcc.a
LOAD /Applications/STM32CubeIDE.app/Contents/Eclipse/plugins/com.st.stm32cube.ide.mcu.externaltools.gnu-tools-for-stm32.13.3.rel1.macos64_1.0.0.202411102158/tools/bin/../lib/gcc/arm-none-eabi/13.3.1/../../../../arm-none-eabi/lib/thumb/v7e-m+fp/hard/libc_nano.a
END GROUP
START GROUP
LOAD /Applications/STM32CubeIDE.app/Contents/Eclipse/plugins/com.st.stm32cube.ide.mcu.externaltools.gnu-tools-for-stm32.13.3.rel1.macos64_1.0.0.202411102158/tools/bin/../lib/gcc/arm-none-eabi/13.3.1/thumb/v7e-m+fp/hard/libgcc.a
LOAD /Applications/STM32CubeIDE.app/Contents/Eclipse/plugins/com.st.stm32cube.ide.mcu.externaltools.gnu-tools-for-stm32.13.3.rel1.macos64_1.0.0.202411102158/tools/bin/../lib/gcc/arm-none-eabi/13.3.1/../../../../arm-none-eabi/lib/thumb/v7e-m+fp/hard/libc_nano.a
LOAD /Applications/STM32CubeIDE.app/Contents/Eclipse/plugins/com.st.stm32cube.ide.mcu.externaltools.gnu-tools-for-stm32.13.3.rel1.macos64_1.0.0.202411102158/tools/bin/../lib/gcc/arm-none-eabi/13.3.1/../../../../arm-none-eabi/lib/thumb/v7e-m+fp/hard/libnosys.a
END GROUP
START GROUP
LOAD /Applications/STM32CubeIDE.app/Contents/Eclipse/plugins/com.st.stm32cube.ide.mcu.externaltools.gnu-tools-for-stm32.13.3.rel1.macos64_1.0.0.202411102158/tools/bin/../lib/gcc/arm-none-eabi/13.3.1/thumb/v7e-m+fp/hard/libgcc.a
LOAD /Applications/STM32CubeIDE.app/Contents/Eclipse/plugins/com.st.stm32cube.ide.mcu.externaltools.gnu-tools-for-stm32.13.3.rel1.macos64_1.0.0.202411102158/tools/bin/../lib/gcc/arm-none-eabi/13.3.1/../../../../arm-none-eabi/lib/thumb/v7e-m+fp/hard/libc_nano.a
LOAD /Applications/STM32CubeIDE.app/Contents/Eclipse/plugins/com.st.stm32cube.ide.mcu.externaltools.gnu-tools-for-stm32.13.3.rel1.macos64_1.0.0.202411102158/tools/bin/../lib/gcc/arm-none-eabi/13.3.1/../../../../arm-none-eabi/lib/thumb/v7e-m+fp/hard/libnosys.a
END GROUP
LOAD /Applications/STM32CubeIDE.app/Contents/Eclipse/plugins/com.st.stm32cube.ide.mcu.externaltools.gnu-tools-for-stm32.13.3.rel1.macos64_1.0.0.202411102158/tools/bin/../lib/gcc/arm-none-eabi/13.3.1/thumb/v7e-m+fp/hard/crtend.o
LOAD /Applications/STM32CubeIDE.app/Contents/Eclipse/plugins/com.st.stm32cube.ide.mcu.externaltools.gnu-tools-for-stm32.13.3.rel1.macos64_1.0.0.202411102158/tools/bin/../lib/gcc/arm-none-eabi/13.3.1/thumb/v7e-m+fp/hard/crtn.o
                0x2000a000                        _estack = (ORIGIN (RAM) + LENGTH (RAM))
                0x00000200                        _Min_Heap_Size = 0x200
                0x00000400                        _Min_Stack_Size = 0x400

.isr_vector     0x08000000      0x188
                0x08000000                        . = ALIGN (0x4)
 *(.isr_vector)
 .isr_vector    0x08000000      0x188 ./Core/Startup/startup_stm32f303vctx.o
                0x08000000                g_pfnVectors
                0x08000188                        . = ALIGN (0x4)

.text           0x08000188     0x9bd8
                0x08000188                        . = ALIGN (0x4)
 *(.text)
 .text          0x08000188       0x40 /Applications/STM32CubeIDE.app/Contents/Eclipse/plugins/com.st.stm32cube.ide.mcu.externaltools.gnu-tools-for-stm32.13.3.rel1.macos64_1.0.0.202411102158/tools/bin/../lib/gcc/arm-none-eabi/13.3.1/thumb/v7e-m+fp/hard/crtbegin.o
 .text          0x080001c8       0x10 /Applications/STM32CubeIDE.app/Contents/Eclipse/plugins/com.st.stm32cube.ide.mcu.externaltools.gnu-tools-for-stm32.13.3.rel1.macos64_1.0.0.202411102158/tools/bin/../lib/gcc/arm-none-eabi/13.3.1/../../../../arm-none-eabi/lib/thumb/v7e-m+fp/hard/libc_nano.a(libc_a-strlen.o)
                0x080001c8                strlen
 *(.text*)
 .text.esp_send
                0x080001d8       0x2c ./Core/Src/main.o
                0x080001d8                esp_send
 .text.setup_esp_wifi
                0x08000204      0x128 ./Core/Src/main.o
                0x08000204                setup_esp_wifi
 .text.main     0x0800032c       0x40 ./Core/Src/main.o
                0x0800032c                main
 .text.SystemClock_Config
                0x0800036c       0xc4 ./Core/Src/main.o
                0x0800036c                SystemClock_Config
 .text.MX_SPI1_Init
                0x08000430       0x7c ./Core/Src/main.o
 .text.MX_USART1_UART_Init
                0x080004ac       0x60 ./Core/Src/main.o
 .text.MX_USART2_UART_Init
                0x0800050c       0x60 ./Core/Src/main.o
 .text.MX_GPIO_Init
                0x0800056c       0xfc ./Core/Src/main.o
 .text.Error_Handler
                0x08000668        0xc ./Core/Src/main.o
                0x08000668                Error_Handler
 .text.HAL_MspInit
                0x08000674       0x48 ./Core/Src/stm32f3xx_hal_msp.o
                0x08000674                HAL_MspInit
 .text.HAL_SPI_MspInit
                0x080006bc       0x84 ./Core/Src/stm32f3xx_hal_msp.o
                0x080006bc                HAL_SPI_MspInit
 .text.HAL_UART_MspInit
                0x08000740      0x108 ./Core/Src/stm32f3xx_hal_msp.o
                0x08000740                HAL_UART_MspInit
 .text.NMI_Handler
                0x08000848        0x8 ./Core/Src/stm32f3xx_it.o
                0x08000848                NMI_Handler
 .text.HardFault_Handler
                0x08000850        0x8 ./Core/Src/stm32f3xx_it.o
                0x08000850                HardFault_Handler
 .text.MemManage_Handler
                0x08000858        0x8 ./Core/Src/stm32f3xx_it.o
                0x08000858                MemManage_Handler
 .text.BusFault_Handler
                0x08000860        0x8 ./Core/Src/stm32f3xx_it.o
                0x08000860                BusFault_Handler
 .text.UsageFault_Handler
                0x08000868        0x8 ./Core/Src/stm32f3xx_it.o
                0x08000868                UsageFault_Handler
 .text.SVC_Handler
                0x08000870        0xe ./Core/Src/stm32f3xx_it.o
                0x08000870                SVC_Handler
 .text.DebugMon_Handler
                0x0800087e        0xe ./Core/Src/stm32f3xx_it.o
                0x0800087e                DebugMon_Handler
 .text.PendSV_Handler
                0x0800088c        0xe ./Core/Src/stm32f3xx_it.o
                0x0800088c                PendSV_Handler
 .text.SysTick_Handler
                0x0800089a        0xc ./Core/Src/stm32f3xx_it.o
                0x0800089a                SysTick_Handler
 *fill*         0x080008a6        0x2 
 .text.USB_LP_CAN_RX0_IRQHandler
                0x080008a8       0x14 ./Core/Src/stm32f3xx_it.o
                0x080008a8                USB_LP_CAN_RX0_IRQHandler
 .text.USART1_IRQHandler
                0x080008bc       0x14 ./Core/Src/stm32f3xx_it.o
                0x080008bc                USART1_IRQHandler
 .text.USART2_IRQHandler
                0x080008d0       0x14 ./Core/Src/stm32f3xx_it.o
                0x080008d0                USART2_IRQHandler
 .text.SystemInit
                0x080008e4       0x24 ./Core/Src/system_stm32f3xx.o
                0x080008e4                SystemInit
 .text.Reset_Handler
                0x08000908       0x50 ./Core/Startup/startup_stm32f303vctx.o
                0x08000908                Reset_Handler
 .text.Default_Handler
                0x08000958        0x2 ./Core/Startup/startup_stm32f303vctx.o
                0x08000958                TIM1_BRK_TIM15_IRQHandler
                0x08000958                TIM8_TRG_COM_IRQHandler
                0x08000958                TIM8_CC_IRQHandler
                0x08000958                TIM1_CC_IRQHandler
                0x08000958                USB_HP_IRQHandler
                0x08000958                PVD_IRQHandler
                0x08000958                TAMP_STAMP_IRQHandler
                0x08000958                EXTI3_IRQHandler
                0x08000958                USB_HP_CAN_TX_IRQHandler
                0x08000958                EXTI0_IRQHandler
                0x08000958                I2C2_EV_IRQHandler
                0x08000958                FPU_IRQHandler
                0x08000958                TIM1_UP_TIM16_IRQHandler
                0x08000958                ADC1_2_IRQHandler
                0x08000958                SPI1_IRQHandler
                0x08000958                CAN_SCE_IRQHandler
                0x08000958                TIM6_DAC_IRQHandler
                0x08000958                TIM8_UP_IRQHandler
                0x08000958                DMA2_Channel2_IRQHandler
                0x08000958                DMA1_Channel4_IRQHandler
                0x08000958                USART3_IRQHandler
                0x08000958                DMA1_Channel7_IRQHandler
                0x08000958                UART5_IRQHandler
                0x08000958                ADC3_IRQHandler
                0x08000958                TIM4_IRQHandler
                0x08000958                CAN_RX1_IRQHandler
                0x08000958                DMA2_Channel1_IRQHandler
                0x08000958                I2C1_EV_IRQHandler
                0x08000958                DMA1_Channel6_IRQHandler
                0x08000958                UART4_IRQHandler
                0x08000958                DMA2_Channel4_IRQHandler
                0x08000958                TIM3_IRQHandler
                0x08000958                RCC_IRQHandler
                0x08000958                DMA1_Channel1_IRQHandler
                0x08000958                Default_Handler
                0x08000958                USBWakeUp_RMP_IRQHandler
                0x08000958                EXTI15_10_IRQHandler
                0x08000958                TIM7_IRQHandler
                0x08000958                EXTI9_5_IRQHandler
                0x08000958                RTC_WKUP_IRQHandler
                0x08000958                SPI2_IRQHandler
                0x08000958                DMA2_Channel5_IRQHandler
                0x08000958                DMA1_Channel5_IRQHandler
                0x08000958                USB_LP_IRQHandler
                0x08000958                EXTI4_IRQHandler
                0x08000958                TIM1_TRG_COM_TIM17_IRQHandler
                0x08000958                DMA1_Channel3_IRQHandler
                0x08000958                ADC4_IRQHandler
                0x08000958                WWDG_IRQHandler
                0x08000958                TIM2_IRQHandler
                0x08000958                COMP7_IRQHandler
                0x08000958                COMP1_2_3_IRQHandler
                0x08000958                EXTI1_IRQHandler
                0x08000958                COMP4_5_6_IRQHandler
                0x08000958                I2C2_ER_IRQHandler
                0x08000958                DMA1_Channel2_IRQHandler
                0x08000958                TIM8_BRK_IRQHandler
                0x08000958                FLASH_IRQHandler
                0x08000958                SPI3_IRQHandler
                0x08000958                I2C1_ER_IRQHandler
                0x08000958                USBWakeUp_IRQHandler
                0x08000958                DMA2_Channel3_IRQHandler
                0x08000958                EXTI2_TSC_IRQHandler
                0x08000958                RTC_Alarm_IRQHandler
 *fill*         0x0800095a        0x2 
 .text.HAL_Init
                0x0800095c       0x2c ./Drivers/STM32F3xx_HAL_Driver/Src/stm32f3xx_hal.o
                0x0800095c                HAL_Init
 .text.HAL_InitTick
                0x08000988       0x60 ./Drivers/STM32F3xx_HAL_Driver/Src/stm32f3xx_hal.o
                0x08000988                HAL_InitTick
 .text.HAL_IncTick
                0x080009e8       0x28 ./Drivers/STM32F3xx_HAL_Driver/Src/stm32f3xx_hal.o
                0x080009e8                HAL_IncTick
 .text.HAL_GetTick
                0x08000a10       0x18 ./Drivers/STM32F3xx_HAL_Driver/Src/stm32f3xx_hal.o
                0x08000a10                HAL_GetTick
 .text.HAL_Delay
                0x08000a28       0x48 ./Drivers/STM32F3xx_HAL_Driver/Src/stm32f3xx_hal.o
                0x08000a28                HAL_Delay
 .text.__NVIC_SetPriorityGrouping
                0x08000a70       0x48 ./Drivers/STM32F3xx_HAL_Driver/Src/stm32f3xx_hal_cortex.o
 .text.__NVIC_GetPriorityGrouping
                0x08000ab8       0x1c ./Drivers/STM32F3xx_HAL_Driver/Src/stm32f3xx_hal_cortex.o
 .text.__NVIC_EnableIRQ
                0x08000ad4       0x3c ./Drivers/STM32F3xx_HAL_Driver/Src/stm32f3xx_hal_cortex.o
 .text.__NVIC_SetPriority
                0x08000b10       0x54 ./Drivers/STM32F3xx_HAL_Driver/Src/stm32f3xx_hal_cortex.o
 .text.NVIC_EncodePriority
                0x08000b64       0x66 ./Drivers/STM32F3xx_HAL_Driver/Src/stm32f3xx_hal_cortex.o
 *fill*         0x08000bca        0x2 
 .text.SysTick_Config
                0x08000bcc       0x44 ./Drivers/STM32F3xx_HAL_Driver/Src/stm32f3xx_hal_cortex.o
 .text.HAL_NVIC_SetPriorityGrouping
                0x08000c10       0x16 ./Drivers/STM32F3xx_HAL_Driver/Src/stm32f3xx_hal_cortex.o
                0x08000c10                HAL_NVIC_SetPriorityGrouping
 .text.HAL_NVIC_SetPriority
                0x08000c26       0x38 ./Drivers/STM32F3xx_HAL_Driver/Src/stm32f3xx_hal_cortex.o
                0x08000c26                HAL_NVIC_SetPriority
 .text.HAL_NVIC_EnableIRQ
                0x08000c5e       0x1c ./Drivers/STM32F3xx_HAL_Driver/Src/stm32f3xx_hal_cortex.o
                0x08000c5e                HAL_NVIC_EnableIRQ
 .text.HAL_SYSTICK_Config
                0x08000c7a       0x18 ./Drivers/STM32F3xx_HAL_Driver/Src/stm32f3xx_hal_cortex.o
                0x08000c7a                HAL_SYSTICK_Config
 .text.HAL_DMA_Abort
                0x08000c92       0x7c ./Drivers/STM32F3xx_HAL_Driver/Src/stm32f3xx_hal_dma.o
                0x08000c92                HAL_DMA_Abort
 .text.HAL_DMA_Abort_IT
                0x08000d0e       0x7c ./Drivers/STM32F3xx_HAL_Driver/Src/stm32f3xx_hal_dma.o
                0x08000d0e                HAL_DMA_Abort_IT
 *fill*         0x08000d8a        0x2 
 .text.HAL_GPIO_Init
                0x08000d8c      0x2f4 ./Drivers/STM32F3xx_HAL_Driver/Src/stm32f3xx_hal_gpio.o
                0x08000d8c                HAL_GPIO_Init
 .text.HAL_GPIO_WritePin
                0x08001080       0x30 ./Drivers/STM32F3xx_HAL_Driver/Src/stm32f3xx_hal_gpio.o
                0x08001080                HAL_GPIO_WritePin
 .text.HAL_PCD_Init
                0x080010b0      0x18e ./Drivers/STM32F3xx_HAL_Driver/Src/stm32f3xx_hal_pcd.o
                0x080010b0                HAL_PCD_Init
 .text.HAL_PCD_Start
                0x0800123e       0x4c ./Drivers/STM32F3xx_HAL_Driver/Src/stm32f3xx_hal_pcd.o
                0x0800123e                HAL_PCD_Start
 .text.HAL_PCD_IRQHandler
                0x0800128a      0x1a8 ./Drivers/STM32F3xx_HAL_Driver/Src/stm32f3xx_hal_pcd.o
                0x0800128a                HAL_PCD_IRQHandler
 .text.HAL_PCD_SetAddress
                0x08001432       0x48 ./Drivers/STM32F3xx_HAL_Driver/Src/stm32f3xx_hal_pcd.o
                0x08001432                HAL_PCD_SetAddress
 .text.HAL_PCD_EP_Open
                0x0800147a       0xba ./Drivers/STM32F3xx_HAL_Driver/Src/stm32f3xx_hal_pcd.o
                0x0800147a                HAL_PCD_EP_Open
 .text.HAL_PCD_EP_Close
                0x08001534       0x90 ./Drivers/STM32F3xx_HAL_Driver/Src/stm32f3xx_hal_pcd.o
                0x08001534                HAL_PCD_EP_Close
 .text.HAL_PCD_EP_Receive
                0x080015c4       0x62 ./Drivers/STM32F3xx_HAL_Driver/Src/stm32f3xx_hal_pcd.o
                0x080015c4                HAL_PCD_EP_Receive
 .text.HAL_PCD_EP_GetRxCount
                0x08001626       0x30 ./Drivers/STM32F3xx_HAL_Driver/Src/stm32f3xx_hal_pcd.o
                0x08001626                HAL_PCD_EP_GetRxCount
 .text.HAL_PCD_EP_Transmit
                0x08001656       0x6e ./Drivers/STM32F3xx_HAL_Driver/Src/stm32f3xx_hal_pcd.o
                0x08001656                HAL_PCD_EP_Transmit
 .text.HAL_PCD_EP_SetStall
                0x080016c4       0xa4 ./Drivers/STM32F3xx_HAL_Driver/Src/stm32f3xx_hal_pcd.o
                0x080016c4                HAL_PCD_EP_SetStall
 .text.HAL_PCD_EP_ClrStall
                0x08001768       0xa8 ./Drivers/STM32F3xx_HAL_Driver/Src/stm32f3xx_hal_pcd.o
                0x08001768                HAL_PCD_EP_ClrStall
 .text.PCD_EP_ISR_Handler
                0x08001810      0x79e ./Drivers/STM32F3xx_HAL_Driver/Src/stm32f3xx_hal_pcd.o
 .text.HAL_PCD_EP_DB_Receive
                0x08001fae      0x21a ./Drivers/STM32F3xx_HAL_Driver/Src/stm32f3xx_hal_pcd.o
 .text.HAL_PCD_EP_DB_Transmit
                0x080021c8      0x7f4 ./Drivers/STM32F3xx_HAL_Driver/Src/stm32f3xx_hal_pcd.o
 .text.HAL_PCDEx_PMAConfig
                0x080029bc       0x86 ./Drivers/STM32F3xx_HAL_Driver/Src/stm32f3xx_hal_pcd_ex.o
                0x080029bc                HAL_PCDEx_PMAConfig
 *fill*         0x08002a42        0x2 
 .text.HAL_RCC_OscConfig
                0x08002a44     0x101c ./Drivers/STM32F3xx_HAL_Driver/Src/stm32f3xx_hal_rcc.o
                0x08002a44                HAL_RCC_OscConfig
 .text.HAL_RCC_ClockConfig
                0x08003a60      0x2dc ./Drivers/STM32F3xx_HAL_Driver/Src/stm32f3xx_hal_rcc.o
                0x08003a60                HAL_RCC_ClockConfig
 .text.HAL_RCC_GetSysClockFreq
                0x08003d3c       0xa8 ./Drivers/STM32F3xx_HAL_Driver/Src/stm32f3xx_hal_rcc.o
                0x08003d3c                HAL_RCC_GetSysClockFreq
 .text.HAL_RCC_GetHCLKFreq
                0x08003de4       0x18 ./Drivers/STM32F3xx_HAL_Driver/Src/stm32f3xx_hal_rcc.o
                0x08003de4                HAL_RCC_GetHCLKFreq
 .text.HAL_RCC_GetPCLK1Freq
                0x08003dfc       0x44 ./Drivers/STM32F3xx_HAL_Driver/Src/stm32f3xx_hal_rcc.o
                0x08003dfc                HAL_RCC_GetPCLK1Freq
 .text.HAL_RCC_GetPCLK2Freq
                0x08003e40       0x44 ./Drivers/STM32F3xx_HAL_Driver/Src/stm32f3xx_hal_rcc.o
                0x08003e40                HAL_RCC_GetPCLK2Freq
 .text.HAL_RCCEx_PeriphCLKConfig
                0x08003e84      0x35c ./Drivers/STM32F3xx_HAL_Driver/Src/stm32f3xx_hal_rcc_ex.o
                0x08003e84                HAL_RCCEx_PeriphCLKConfig
 .text.HAL_SPI_Init
                0x080041e0      0x156 ./Drivers/STM32F3xx_HAL_Driver/Src/stm32f3xx_hal_spi.o
                0x080041e0                HAL_SPI_Init
 .text.HAL_UART_Init
                0x08004336       0x9c ./Drivers/STM32F3xx_HAL_Driver/Src/stm32f3xx_hal_uart.o
                0x08004336                HAL_UART_Init
 .text.HAL_UART_Transmit
                0x080043d2      0x112 ./Drivers/STM32F3xx_HAL_Driver/Src/stm32f3xx_hal_uart.o
                0x080043d2                HAL_UART_Transmit
 .text.HAL_UART_Receive
                0x080044e4      0x16c ./Drivers/STM32F3xx_HAL_Driver/Src/stm32f3xx_hal_uart.o
                0x080044e4                HAL_UART_Receive
 .text.HAL_UART_IRQHandler
                0x08004650      0x5cc ./Drivers/STM32F3xx_HAL_Driver/Src/stm32f3xx_hal_uart.o
                0x08004650                HAL_UART_IRQHandler
 .text.HAL_UART_TxCpltCallback
                0x08004c1c       0x14 ./Drivers/STM32F3xx_HAL_Driver/Src/stm32f3xx_hal_uart.o
                0x08004c1c                HAL_UART_TxCpltCallback
 .text.HAL_UART_ErrorCallback
                0x08004c30       0x14 ./Drivers/STM32F3xx_HAL_Driver/Src/stm32f3xx_hal_uart.o
                0x08004c30                HAL_UART_ErrorCallback
 .text.HAL_UARTEx_RxEventCallback
                0x08004c44       0x18 ./Drivers/STM32F3xx_HAL_Driver/Src/stm32f3xx_hal_uart.o
                0x08004c44                HAL_UARTEx_RxEventCallback
 .text.UART_SetConfig
                0x08004c5c      0x3a8 ./Drivers/STM32F3xx_HAL_Driver/Src/stm32f3xx_hal_uart.o
                0x08004c5c                UART_SetConfig
 .text.UART_AdvFeatureConfig
                0x08005004      0x144 ./Drivers/STM32F3xx_HAL_Driver/Src/stm32f3xx_hal_uart.o
                0x08005004                UART_AdvFeatureConfig
 .text.UART_CheckIdleState
                0x08005148      0x150 ./Drivers/STM32F3xx_HAL_Driver/Src/stm32f3xx_hal_uart.o
                0x08005148                UART_CheckIdleState
 .text.UART_WaitOnFlagUntilTimeout
                0x08005298       0xda ./Drivers/STM32F3xx_HAL_Driver/Src/stm32f3xx_hal_uart.o
                0x08005298                UART_WaitOnFlagUntilTimeout
 .text.UART_EndRxTransfer
                0x08005372       0xc8 ./Drivers/STM32F3xx_HAL_Driver/Src/stm32f3xx_hal_uart.o
 .text.UART_DMAAbortOnError
                0x0800543a       0x2c ./Drivers/STM32F3xx_HAL_Driver/Src/stm32f3xx_hal_uart.o
 .text.UART_EndTransmit_IT
                0x08005466       0x54 ./Drivers/STM32F3xx_HAL_Driver/Src/stm32f3xx_hal_uart.o
 .text.HAL_UARTEx_WakeupCallback
                0x080054ba       0x14 ./Drivers/STM32F3xx_HAL_Driver/Src/stm32f3xx_hal_uart_ex.o
                0x080054ba                HAL_UARTEx_WakeupCallback
 .text.USB_EnableGlobalInt
                0x080054ce       0x2e ./Drivers/STM32F3xx_HAL_Driver/Src/stm32f3xx_ll_usb.o
                0x080054ce                USB_EnableGlobalInt
 .text.USB_DisableGlobalInt
                0x080054fc       0x36 ./Drivers/STM32F3xx_HAL_Driver/Src/stm32f3xx_ll_usb.o
                0x080054fc                USB_DisableGlobalInt
 .text.USB_DevInit
                0x08005532       0x3c ./Drivers/STM32F3xx_HAL_Driver/Src/stm32f3xx_ll_usb.o
                0x08005532                USB_DevInit
 *fill*         0x0800556e        0x2 
 .text.USB_ActivateEndpoint
                0x08005570      0x788 ./Drivers/STM32F3xx_HAL_Driver/Src/stm32f3xx_ll_usb.o
                0x08005570                USB_ActivateEndpoint
 .text.USB_DeactivateEndpoint
                0x08005cf8      0x3da ./Drivers/STM32F3xx_HAL_Driver/Src/stm32f3xx_ll_usb.o
                0x08005cf8                USB_DeactivateEndpoint
 .text.USB_EPStartXfer
                0x080060d2     0x1764 ./Drivers/STM32F3xx_HAL_Driver/Src/stm32f3xx_ll_usb.o
                0x080060d2                USB_EPStartXfer
 .text.USB_EPSetStall
                0x08007836       0xa2 ./Drivers/STM32F3xx_HAL_Driver/Src/stm32f3xx_ll_usb.o
                0x08007836                USB_EPSetStall
 .text.USB_EPClearStall
                0x080078d8      0x15c ./Drivers/STM32F3xx_HAL_Driver/Src/stm32f3xx_ll_usb.o
                0x080078d8                USB_EPClearStall
 .text.USB_SetDevAddress
                0x08007a34       0x28 ./Drivers/STM32F3xx_HAL_Driver/Src/stm32f3xx_ll_usb.o
                0x08007a34                USB_SetDevAddress
 .text.USB_DevConnect
                0x08007a5c       0x16 ./Drivers/STM32F3xx_HAL_Driver/Src/stm32f3xx_ll_usb.o
                0x08007a5c                USB_DevConnect
 .text.USB_ReadInterrupts
                0x08007a72       0x20 ./Drivers/STM32F3xx_HAL_Driver/Src/stm32f3xx_ll_usb.o
                0x08007a72                USB_ReadInterrupts
 .text.USB_WritePMA
                0x08007a92       0x8e ./Drivers/STM32F3xx_HAL_Driver/Src/stm32f3xx_ll_usb.o
                0x08007a92                USB_WritePMA
 .text.USB_ReadPMA
                0x08007b20       0xa0 ./Drivers/STM32F3xx_HAL_Driver/Src/stm32f3xx_ll_usb.o
                0x08007b20                USB_ReadPMA
 .text.USBD_CDC_Init
                0x08007bc0       0xf4 ./Middlewares/ST/STM32_USB_Device_Library/Class/CDC/Src/usbd_cdc.o
 .text.USBD_CDC_DeInit
                0x08007cb4       0x6e ./Middlewares/ST/STM32_USB_Device_Library/Class/CDC/Src/usbd_cdc.o
 .text.USBD_CDC_Setup
                0x08007d22      0x146 ./Middlewares/ST/STM32_USB_Device_Library/Class/CDC/Src/usbd_cdc.o
 .text.USBD_CDC_DataIn
                0x08007e68       0xa6 ./Middlewares/ST/STM32_USB_Device_Library/Class/CDC/Src/usbd_cdc.o
 .text.USBD_CDC_DataOut
                0x08007f0e       0x56 ./Middlewares/ST/STM32_USB_Device_Library/Class/CDC/Src/usbd_cdc.o
 .text.USBD_CDC_EP0_RxReady
                0x08007f64       0x4e ./Middlewares/ST/STM32_USB_Device_Library/Class/CDC/Src/usbd_cdc.o
 *fill*         0x08007fb2        0x2 
 .text.USBD_CDC_GetFSCfgDesc
                0x08007fb4       0x20 ./Middlewares/ST/STM32_USB_Device_Library/Class/CDC/Src/usbd_cdc.o
 .text.USBD_CDC_GetHSCfgDesc
                0x08007fd4       0x20 ./Middlewares/ST/STM32_USB_Device_Library/Class/CDC/Src/usbd_cdc.o
 .text.USBD_CDC_GetOtherSpeedCfgDesc
                0x08007ff4       0x20 ./Middlewares/ST/STM32_USB_Device_Library/Class/CDC/Src/usbd_cdc.o
 .text.USBD_CDC_GetDeviceQualifierDescriptor
                0x08008014       0x20 ./Middlewares/ST/STM32_USB_Device_Library/Class/CDC/Src/usbd_cdc.o
                0x08008014                USBD_CDC_GetDeviceQualifierDescriptor
 .text.USBD_CDC_RegisterInterface
                0x08008034       0x2e ./Middlewares/ST/STM32_USB_Device_Library/Class/CDC/Src/usbd_cdc.o
                0x08008034                USBD_CDC_RegisterInterface
 .text.USBD_CDC_SetTxBuffer
                0x08008062       0x34 ./Middlewares/ST/STM32_USB_Device_Library/Class/CDC/Src/usbd_cdc.o
                0x08008062                USBD_CDC_SetTxBuffer
 .text.USBD_CDC_SetRxBuffer
                0x08008096       0x28 ./Middlewares/ST/STM32_USB_Device_Library/Class/CDC/Src/usbd_cdc.o
                0x08008096                USBD_CDC_SetRxBuffer
 .text.USBD_CDC_TransmitPacket
                0x080080be       0x5e ./Middlewares/ST/STM32_USB_Device_Library/Class/CDC/Src/usbd_cdc.o
                0x080080be                USBD_CDC_TransmitPacket
 .text.USBD_CDC_ReceivePacket
                0x0800811c       0x54 ./Middlewares/ST/STM32_USB_Device_Library/Class/CDC/Src/usbd_cdc.o
                0x0800811c                USBD_CDC_ReceivePacket
 .text.USBD_Init
                0x08008170       0x56 ./Middlewares/ST/STM32_USB_Device_Library/Core/Src/usbd_core.o
                0x08008170                USBD_Init
 .text.USBD_RegisterClass
                0x080081c6       0x34 ./Middlewares/ST/STM32_USB_Device_Library/Core/Src/usbd_core.o
                0x080081c6                USBD_RegisterClass
 .text.USBD_Start
                0x080081fa       0x18 ./Middlewares/ST/STM32_USB_Device_Library/Core/Src/usbd_core.o
                0x080081fa                USBD_Start
 .text.USBD_RunTestMode
                0x08008212       0x16 ./Middlewares/ST/STM32_USB_Device_Library/Core/Src/usbd_core.o
                0x08008212                USBD_RunTestMode
 .text.USBD_SetClassConfig
                0x08008228       0x3e ./Middlewares/ST/STM32_USB_Device_Library/Core/Src/usbd_core.o
                0x08008228                USBD_SetClassConfig
 .text.USBD_ClrClassConfig
                0x08008266       0x26 ./Middlewares/ST/STM32_USB_Device_Library/Core/Src/usbd_core.o
                0x08008266                USBD_ClrClassConfig
 .text.USBD_LL_SetupStage
                0x0800828c       0x9a ./Middlewares/ST/STM32_USB_Device_Library/Core/Src/usbd_core.o
                0x0800828c                USBD_LL_SetupStage
 .text.USBD_LL_DataOutStage
                0x08008326       0xe2 ./Middlewares/ST/STM32_USB_Device_Library/Core/Src/usbd_core.o
                0x08008326                USBD_LL_DataOutStage
 .text.USBD_LL_DataInStage
                0x08008408      0x14a ./Middlewares/ST/STM32_USB_Device_Library/Core/Src/usbd_core.o
                0x08008408                USBD_LL_DataInStage
 .text.USBD_LL_Reset
                0x08008552       0x82 ./Middlewares/ST/STM32_USB_Device_Library/Core/Src/usbd_core.o
                0x08008552                USBD_LL_Reset
 .text.USBD_LL_SetSpeed
                0x080085d4       0x20 ./Middlewares/ST/STM32_USB_Device_Library/Core/Src/usbd_core.o
                0x080085d4                USBD_LL_SetSpeed
 .text.USBD_LL_Suspend
                0x080085f4       0x2a ./Middlewares/ST/STM32_USB_Device_Library/Core/Src/usbd_core.o
                0x080085f4                USBD_LL_Suspend
 .text.USBD_LL_Resume
                0x0800861e       0x2c ./Middlewares/ST/STM32_USB_Device_Library/Core/Src/usbd_core.o
                0x0800861e                USBD_LL_Resume
 .text.USBD_LL_SOF
                0x0800864a       0x34 ./Middlewares/ST/STM32_USB_Device_Library/Core/Src/usbd_core.o
                0x0800864a                USBD_LL_SOF
 *fill*         0x0800867e        0x2 
 .text.USBD_StdDevReq
                0x08008680       0xd4 ./Middlewares/ST/STM32_USB_Device_Library/Core/Src/usbd_ctlreq.o
                0x08008680                USBD_StdDevReq
 .text.USBD_StdItfReq
                0x08008754       0x90 ./Middlewares/ST/STM32_USB_Device_Library/Core/Src/usbd_ctlreq.o
                0x08008754                USBD_StdItfReq
 .text.USBD_StdEPReq
                0x080087e4      0x2c6 ./Middlewares/ST/STM32_USB_Device_Library/Core/Src/usbd_ctlreq.o
                0x080087e4                USBD_StdEPReq
 *fill*         0x08008aaa        0x2 
 .text.USBD_GetDescriptor
                0x08008aac      0x2d0 ./Middlewares/ST/STM32_USB_Device_Library/Core/Src/usbd_ctlreq.o
 .text.USBD_SetAddress
                0x08008d7c       0x86 ./Middlewares/ST/STM32_USB_Device_Library/Core/Src/usbd_ctlreq.o
 *fill*         0x08008e02        0x2 
 .text.USBD_SetConfig
                0x08008e04      0x11c ./Middlewares/ST/STM32_USB_Device_Library/Core/Src/usbd_ctlreq.o
 .text.USBD_GetConfig
                0x08008f20       0x6a ./Middlewares/ST/STM32_USB_Device_Library/Core/Src/usbd_ctlreq.o
 .text.USBD_GetStatus
                0x08008f8a       0x66 ./Middlewares/ST/STM32_USB_Device_Library/Core/Src/usbd_ctlreq.o
 .text.USBD_SetFeature
                0x08008ff0       0x28 ./Middlewares/ST/STM32_USB_Device_Library/Core/Src/usbd_ctlreq.o
 .text.USBD_ClrFeature
                0x08009018       0x42 ./Middlewares/ST/STM32_USB_Device_Library/Core/Src/usbd_ctlreq.o
 .text.USBD_ParseSetupRequest
                0x0800905a       0x74 ./Middlewares/ST/STM32_USB_Device_Library/Core/Src/usbd_ctlreq.o
                0x0800905a                USBD_ParseSetupRequest
 .text.USBD_CtlError
                0x080090ce       0x22 ./Middlewares/ST/STM32_USB_Device_Library/Core/Src/usbd_ctlreq.o
                0x080090ce                USBD_CtlError
 .text.USBD_GetString
                0x080090f0       0x84 ./Middlewares/ST/STM32_USB_Device_Library/Core/Src/usbd_ctlreq.o
                0x080090f0                USBD_GetString
 .text.USBD_GetLen
                0x08009174       0x30 ./Middlewares/ST/STM32_USB_Device_Library/Core/Src/usbd_ctlreq.o
 .text.USBD_CtlSendData
                0x080091a4       0x38 ./Middlewares/ST/STM32_USB_Device_Library/Core/Src/usbd_ioreq.o
                0x080091a4                USBD_CtlSendData
 .text.USBD_CtlContinueSendData
                0x080091dc       0x24 ./Middlewares/ST/STM32_USB_Device_Library/Core/Src/usbd_ioreq.o
                0x080091dc                USBD_CtlContinueSendData
 .text.USBD_CtlPrepareRx
                0x08009200       0x3c ./Middlewares/ST/STM32_USB_Device_Library/Core/Src/usbd_ioreq.o
                0x08009200                USBD_CtlPrepareRx
 .text.USBD_CtlContinueRx
                0x0800923c       0x24 ./Middlewares/ST/STM32_USB_Device_Library/Core/Src/usbd_ioreq.o
                0x0800923c                USBD_CtlContinueRx
 .text.USBD_CtlSendStatus
                0x08009260       0x26 ./Middlewares/ST/STM32_USB_Device_Library/Core/Src/usbd_ioreq.o
                0x08009260                USBD_CtlSendStatus
 .text.USBD_CtlReceiveStatus
                0x08009286       0x26 ./Middlewares/ST/STM32_USB_Device_Library/Core/Src/usbd_ioreq.o
                0x08009286                USBD_CtlReceiveStatus
 .text.MX_USB_DEVICE_Init
                0x080092ac       0x60 ./USB_DEVICE/App/usb_device.o
                0x080092ac                MX_USB_DEVICE_Init
 .text.CDC_Init_FS
                0x0800930c       0x28 ./USB_DEVICE/App/usbd_cdc_if.o
 .text.CDC_DeInit_FS
                0x08009334       0x10 ./USB_DEVICE/App/usbd_cdc_if.o
 .text.CDC_Control_FS
                0x08009344       0xbc ./USB_DEVICE/App/usbd_cdc_if.o
 .text.CDC_Receive_FS
                0x08009400       0xb0 ./USB_DEVICE/App/usbd_cdc_if.o
 .text.CDC_Transmit_FS
                0x080094b0       0x4c ./USB_DEVICE/App/usbd_cdc_if.o
                0x080094b0                CDC_Transmit_FS
 .text.USBD_FS_DeviceDescriptor
                0x080094fc       0x24 ./USB_DEVICE/App/usbd_desc.o
                0x080094fc                USBD_FS_DeviceDescriptor
 .text.USBD_FS_LangIDStrDescriptor
                0x08009520       0x24 ./USB_DEVICE/App/usbd_desc.o
                0x08009520                USBD_FS_LangIDStrDescriptor
 .text.USBD_FS_ProductStrDescriptor
                0x08009544       0x3c ./USB_DEVICE/App/usbd_desc.o
                0x08009544                USBD_FS_ProductStrDescriptor
 .text.USBD_FS_ManufacturerStrDescriptor
                0x08009580       0x28 ./USB_DEVICE/App/usbd_desc.o
                0x08009580                USBD_FS_ManufacturerStrDescriptor
 .text.USBD_FS_SerialStrDescriptor
                0x080095a8       0x24 ./USB_DEVICE/App/usbd_desc.o
                0x080095a8                USBD_FS_SerialStrDescriptor
 .text.USBD_FS_ConfigStrDescriptor
                0x080095cc       0x3c ./USB_DEVICE/App/usbd_desc.o
                0x080095cc                USBD_FS_ConfigStrDescriptor
 .text.USBD_FS_InterfaceStrDescriptor
                0x08009608       0x3c ./USB_DEVICE/App/usbd_desc.o
                0x08009608                USBD_FS_InterfaceStrDescriptor
 .text.Get_SerialNum
                0x08009644       0x58 ./USB_DEVICE/App/usbd_desc.o
 .text.IntToUnicode
                0x0800969c       0x7e ./USB_DEVICE/App/usbd_desc.o
 *fill*         0x0800971a        0x2 
 .text.HAL_PCD_MspInit
                0x0800971c       0x98 ./USB_DEVICE/Target/usbd_conf.o
                0x0800971c                HAL_PCD_MspInit
 .text.HAL_PCD_SetupStageCallback
                0x080097b4       0x24 ./USB_DEVICE/Target/usbd_conf.o
                0x080097b4                HAL_PCD_SetupStageCallback
 .text.HAL_PCD_DataOutStageCallback
                0x080097d8       0x36 ./USB_DEVICE/Target/usbd_conf.o
                0x080097d8                HAL_PCD_DataOutStageCallback
 .text.HAL_PCD_DataInStageCallback
                0x0800980e       0x34 ./USB_DEVICE/Target/usbd_conf.o
                0x0800980e                HAL_PCD_DataInStageCallback
 .text.HAL_PCD_SOFCallback
                0x08009842       0x1c ./USB_DEVICE/Target/usbd_conf.o
                0x08009842                HAL_PCD_SOFCallback
 .text.HAL_PCD_ResetCallback
                0x0800985e       0x3c ./USB_DEVICE/Target/usbd_conf.o
                0x0800985e                HAL_PCD_ResetCallback
 *fill*         0x0800989a        0x2 
 .text.HAL_PCD_SuspendCallback
                0x0800989c       0x34 ./USB_DEVICE/Target/usbd_conf.o
                0x0800989c                HAL_PCD_SuspendCallback
 .text.HAL_PCD_ResumeCallback
                0x080098d0       0x1c ./USB_DEVICE/Target/usbd_conf.o
                0x080098d0                HAL_PCD_ResumeCallback
 .text.USBD_LL_Init
                0x080098ec       0xb4 ./USB_DEVICE/Target/usbd_conf.o
                0x080098ec                USBD_LL_Init
 .text.USBD_LL_Start
                0x080099a0       0x36 ./USB_DEVICE/Target/usbd_conf.o
                0x080099a0                USBD_LL_Start
 .text.USBD_LL_OpenEP
                0x080099d6       0x4c ./USB_DEVICE/Target/usbd_conf.o
                0x080099d6                USBD_LL_OpenEP
 .text.USBD_LL_CloseEP
                0x08009a22       0x3e ./USB_DEVICE/Target/usbd_conf.o
                0x08009a22                USBD_LL_CloseEP
 .text.USBD_LL_StallEP
                0x08009a60       0x3e ./USB_DEVICE/Target/usbd_conf.o
                0x08009a60                USBD_LL_StallEP
 .text.USBD_LL_ClearStallEP
                0x08009a9e       0x3e ./USB_DEVICE/Target/usbd_conf.o
                0x08009a9e                USBD_LL_ClearStallEP
 .text.USBD_LL_IsStallEP
                0x08009adc       0x58 ./USB_DEVICE/Target/usbd_conf.o
                0x08009adc                USBD_LL_IsStallEP
 .text.USBD_LL_SetUSBAddress
                0x08009b34       0x3e ./USB_DEVICE/Target/usbd_conf.o
                0x08009b34                USBD_LL_SetUSBAddress
 .text.USBD_LL_Transmit
                0x08009b72       0x46 ./USB_DEVICE/Target/usbd_conf.o
                0x08009b72                USBD_LL_Transmit
 .text.USBD_LL_PrepareReceive
                0x08009bb8       0x46 ./USB_DEVICE/Target/usbd_conf.o
                0x08009bb8                USBD_LL_PrepareReceive
 .text.USBD_LL_GetRxDataSize
                0x08009bfe       0x26 ./USB_DEVICE/Target/usbd_conf.o
                0x08009bfe                USBD_LL_GetRxDataSize
 .text.USBD_static_malloc
                0x08009c24       0x1c ./USB_DEVICE/Target/usbd_conf.o
                0x08009c24                USBD_static_malloc
 .text.USBD_static_free
                0x08009c40       0x14 ./USB_DEVICE/Target/usbd_conf.o
                0x08009c40                USBD_static_free
 .text.HAL_PCDEx_SetConnectionState
                0x08009c54       0x18 ./USB_DEVICE/Target/usbd_conf.o
                0x08009c54                HAL_PCDEx_SetConnectionState
 .text.USBD_Get_USB_Status
                0x08009c6c       0x58 ./USB_DEVICE/Target/usbd_conf.o
 .text.memset   0x08009cc4       0x10 /Applications/STM32CubeIDE.app/Contents/Eclipse/plugins/com.st.stm32cube.ide.mcu.externaltools.gnu-tools-for-stm32.13.3.rel1.macos64_1.0.0.202411102158/tools/bin/../lib/gcc/arm-none-eabi/13.3.1/../../../../arm-none-eabi/lib/thumb/v7e-m+fp/hard/libc_nano.a(libc_a-memset.o)
                0x08009cc4                memset
 .text.strstr   0x08009cd4       0x2c /Applications/STM32CubeIDE.app/Contents/Eclipse/plugins/com.st.stm32cube.ide.mcu.externaltools.gnu-tools-for-stm32.13.3.rel1.macos64_1.0.0.202411102158/tools/bin/../lib/gcc/arm-none-eabi/13.3.1/../../../../arm-none-eabi/lib/thumb/v7e-m+fp/hard/libc_nano.a(libc_a-strstr.o)
                0x08009cd4                strstr
 .text.__libc_init_array
                0x08009d00       0x48 /Applications/STM32CubeIDE.app/Contents/Eclipse/plugins/com.st.stm32cube.ide.mcu.externaltools.gnu-tools-for-stm32.13.3.rel1.macos64_1.0.0.202411102158/tools/bin/../lib/gcc/arm-none-eabi/13.3.1/../../../../arm-none-eabi/lib/thumb/v7e-m+fp/hard/libc_nano.a(libc_a-init.o)
                0x08009d00                __libc_init_array
 *(.glue_7)
 .glue_7        0x08009d48        0x0 linker stubs
 *(.glue_7t)
 .glue_7t       0x08009d48        0x0 linker stubs
 *(.eh_frame)
 .eh_frame      0x08009d48        0x0 /Applications/STM32CubeIDE.app/Contents/Eclipse/plugins/com.st.stm32cube.ide.mcu.externaltools.gnu-tools-for-stm32.13.3.rel1.macos64_1.0.0.202411102158/tools/bin/../lib/gcc/arm-none-eabi/13.3.1/thumb/v7e-m+fp/hard/crtbegin.o
 *(.init)
 .init          0x08009d48        0x4 /Applications/STM32CubeIDE.app/Contents/Eclipse/plugins/com.st.stm32cube.ide.mcu.externaltools.gnu-tools-for-stm32.13.3.rel1.macos64_1.0.0.202411102158/tools/bin/../lib/gcc/arm-none-eabi/13.3.1/thumb/v7e-m+fp/hard/crti.o
                0x08009d48                _init
 .init          0x08009d4c        0x8 /Applications/STM32CubeIDE.app/Contents/Eclipse/plugins/com.st.stm32cube.ide.mcu.externaltools.gnu-tools-for-stm32.13.3.rel1.macos64_1.0.0.202411102158/tools/bin/../lib/gcc/arm-none-eabi/13.3.1/thumb/v7e-m+fp/hard/crtn.o
 *(.fini)
 .fini          0x08009d54        0x4 /Applications/STM32CubeIDE.app/Contents/Eclipse/plugins/com.st.stm32cube.ide.mcu.externaltools.gnu-tools-for-stm32.13.3.rel1.macos64_1.0.0.202411102158/tools/bin/../lib/gcc/arm-none-eabi/13.3.1/thumb/v7e-m+fp/hard/crti.o
                0x08009d54                _fini
 .fini          0x08009d58        0x8 /Applications/STM32CubeIDE.app/Contents/Eclipse/plugins/com.st.stm32cube.ide.mcu.externaltools.gnu-tools-for-stm32.13.3.rel1.macos64_1.0.0.202411102158/tools/bin/../lib/gcc/arm-none-eabi/13.3.1/thumb/v7e-m+fp/hard/crtn.o
                0x08009d60                        . = ALIGN (0x4)
                0x08009d60                        _etext = .

.vfp11_veneer   0x08009d60        0x0
 .vfp11_veneer  0x08009d60        0x0 linker stubs

.v4_bx          0x08009d60        0x0
 .v4_bx         0x08009d60        0x0 linker stubs

.iplt           0x08009d60        0x0
 .iplt          0x08009d60        0x0 /Applications/STM32CubeIDE.app/Contents/Eclipse/plugins/com.st.stm32cube.ide.mcu.externaltools.gnu-tools-for-stm32.13.3.rel1.macos64_1.0.0.202411102158/tools/bin/../lib/gcc/arm-none-eabi/13.3.1/thumb/v7e-m+fp/hard/crtbegin.o

.rodata         0x08009d60       0xec
                0x08009d60                        . = ALIGN (0x4)
 *(.rodata)
 .rodata        0x08009d60       0x6c ./Core/Src/main.o
 .rodata        0x08009dcc       0x46 ./USB_DEVICE/App/usbd_desc.o
 *(.rodata*)
 *fill*         0x08009e12        0x2 
 .rodata.AHBPrescTable
                0x08009e14       0x10 ./Core/Src/system_stm32f3xx.o
                0x08009e14                AHBPrescTable
 .rodata.APBPrescTable
                0x08009e24        0x8 ./Core/Src/system_stm32f3xx.o
                0x08009e24                APBPrescTable
 .rodata.aPLLMULFactorTable
                0x08009e2c       0x10 ./Drivers/STM32F3xx_HAL_Driver/Src/stm32f3xx_hal_rcc.o
 .rodata.aPredivFactorTable
                0x08009e3c       0x10 ./Drivers/STM32F3xx_HAL_Driver/Src/stm32f3xx_hal_rcc.o
                0x08009e4c                        . = ALIGN (0x4)

.ARM.extab      0x08009e4c        0x0
                0x08009e4c                        . = ALIGN (0x4)
 *(.ARM.extab* .gnu.linkonce.armextab.*)
                0x08009e4c                        . = ALIGN (0x4)

.ARM            0x08009e4c        0x8
                0x08009e4c                        . = ALIGN (0x4)
                0x08009e4c                        __exidx_start = .
 *(.ARM.exidx*)
 .ARM.exidx     0x08009e4c        0x8 /Applications/STM32CubeIDE.app/Contents/Eclipse/plugins/com.st.stm32cube.ide.mcu.externaltools.gnu-tools-for-stm32.13.3.rel1.macos64_1.0.0.202411102158/tools/bin/../lib/gcc/arm-none-eabi/13.3.1/../../../../arm-none-eabi/lib/thumb/v7e-m+fp/hard/libc_nano.a(libc_a-strlen.o)
                0x08009e54                        __exidx_end = .
                0x08009e54                        . = ALIGN (0x4)

.preinit_array  0x08009e54        0x0
                0x08009e54                        . = ALIGN (0x4)
                0x08009e54                        PROVIDE (__preinit_array_start = .)
 *(.preinit_array*)
                0x08009e54                        PROVIDE (__preinit_array_end = .)
                0x08009e54                        . = ALIGN (0x4)

.init_array     0x08009e54        0x4
                0x08009e54                        . = ALIGN (0x4)
                0x08009e54                        PROVIDE (__init_array_start = .)
 *(SORT_BY_NAME(.init_array.*))
 *(.init_array*)
 .init_array    0x08009e54        0x4 /Applications/STM32CubeIDE.app/Contents/Eclipse/plugins/com.st.stm32cube.ide.mcu.externaltools.gnu-tools-for-stm32.13.3.rel1.macos64_1.0.0.202411102158/tools/bin/../lib/gcc/arm-none-eabi/13.3.1/thumb/v7e-m+fp/hard/crtbegin.o
                0x08009e58                        PROVIDE (__init_array_end = .)
                0x08009e58                        . = ALIGN (0x4)

.fini_array     0x08009e58        0x4
                0x08009e58                        . = ALIGN (0x4)
                [!provide]                        PROVIDE (__fini_array_start = .)
 *(SORT_BY_NAME(.fini_array.*))
 *(.fini_array*)
 .fini_array    0x08009e58        0x4 /Applications/STM32CubeIDE.app/Contents/Eclipse/plugins/com.st.stm32cube.ide.mcu.externaltools.gnu-tools-for-stm32.13.3.rel1.macos64_1.0.0.202411102158/tools/bin/../lib/gcc/arm-none-eabi/13.3.1/thumb/v7e-m+fp/hard/crtbegin.o
                [!provide]                        PROVIDE (__fini_array_end = .)
                0x08009e5c                        . = ALIGN (0x4)
                0x08009e5c                        _sidata = LOADADDR (.data)

.rel.dyn        0x08009e5c        0x0
 .rel.iplt      0x08009e5c        0x0 /Applications/STM32CubeIDE.app/Contents/Eclipse/plugins/com.st.stm32cube.ide.mcu.externaltools.gnu-tools-for-stm32.13.3.rel1.macos64_1.0.0.202411102158/tools/bin/../lib/gcc/arm-none-eabi/13.3.1/thumb/v7e-m+fp/hard/crtbegin.o

.data           0x20000000      0x17c load address 0x08009e5c
                0x20000000                        . = ALIGN (0x4)
                0x20000000                        _sdata = .
 *(.data)
 *(.data*)
 .data.SystemCoreClock
                0x20000000        0x4 ./Core/Src/system_stm32f3xx.o
                0x20000000                SystemCoreClock
 .data.uwTickPrio
                0x20000004        0x4 ./Drivers/STM32F3xx_HAL_Driver/Src/stm32f3xx_hal.o
                0x20000004                uwTickPrio
 .data.uwTickFreq
                0x20000008        0x1 ./Drivers/STM32F3xx_HAL_Driver/Src/stm32f3xx_hal.o
                0x20000008                uwTickFreq
 *fill*         0x20000009        0x3 
 .data.USBD_CDC_DeviceQualifierDesc
                0x2000000c        0xa ./Middlewares/ST/STM32_USB_Device_Library/Class/CDC/Src/usbd_cdc.o
 *fill*         0x20000016        0x2 
 .data.USBD_CDC
                0x20000018       0x38 ./Middlewares/ST/STM32_USB_Device_Library/Class/CDC/Src/usbd_cdc.o
                0x20000018                USBD_CDC
 .data.USBD_CDC_CfgHSDesc
                0x20000050       0x43 ./Middlewares/ST/STM32_USB_Device_Library/Class/CDC/Src/usbd_cdc.o
                0x20000050                USBD_CDC_CfgHSDesc
 *fill*         0x20000093        0x1 
 .data.USBD_CDC_CfgFSDesc
                0x20000094       0x43 ./Middlewares/ST/STM32_USB_Device_Library/Class/CDC/Src/usbd_cdc.o
                0x20000094                USBD_CDC_CfgFSDesc
 *fill*         0x200000d7        0x1 
 .data.USBD_CDC_OtherSpeedCfgDesc
                0x200000d8       0x43 ./Middlewares/ST/STM32_USB_Device_Library/Class/CDC/Src/usbd_cdc.o
                0x200000d8                USBD_CDC_OtherSpeedCfgDesc
 *fill*         0x2000011b        0x1 
 .data.USBD_Interface_fops_FS
                0x2000011c       0x10 ./USB_DEVICE/App/usbd_cdc_if.o
                0x2000011c                USBD_Interface_fops_FS
 .data.FS_Desc  0x2000012c       0x1c ./USB_DEVICE/App/usbd_desc.o
                0x2000012c                FS_Desc
 .data.USBD_FS_DeviceDesc
                0x20000148       0x12 ./USB_DEVICE/App/usbd_desc.o
                0x20000148                USBD_FS_DeviceDesc
 *fill*         0x2000015a        0x2 
 .data.USBD_LangIDDesc
                0x2000015c        0x4 ./USB_DEVICE/App/usbd_desc.o
                0x2000015c                USBD_LangIDDesc
 .data.USBD_StringSerial
                0x20000160       0x1a ./USB_DEVICE/App/usbd_desc.o
                0x20000160                USBD_StringSerial
 *(.RamFunc)
 *(.RamFunc*)
                0x2000017c                        . = ALIGN (0x4)
 *fill*         0x2000017a        0x2 
                0x2000017c                        _edata = .
                0x08009fd8                        _siccmram = LOADADDR (.ccmram)

.igot.plt       0x2000017c        0x0 load address 0x08009fd8
 .igot.plt      0x2000017c        0x0 /Applications/STM32CubeIDE.app/Contents/Eclipse/plugins/com.st.stm32cube.ide.mcu.externaltools.gnu-tools-for-stm32.13.3.rel1.macos64_1.0.0.202411102158/tools/bin/../lib/gcc/arm-none-eabi/13.3.1/thumb/v7e-m+fp/hard/crtbegin.o

.ccmram         0x10000000        0x0 load address 0x08009fd8
                0x10000000                        . = ALIGN (0x4)
                0x10000000                        _sccmram = .
 *(.ccmram)
 *(.ccmram*)
                0x10000000                        . = ALIGN (0x4)
                0x10000000                        _eccmram = .
                0x10000000                        . = ALIGN (0x4)

.bss            0x2000017c     0x1418
                0x2000017c                        _sbss = .
                0x2000017c                        __bss_start__ = _sbss
 *(.bss)
 .bss           0x2000017c       0x1c /Applications/STM32CubeIDE.app/Contents/Eclipse/plugins/com.st.stm32cube.ide.mcu.externaltools.gnu-tools-for-stm32.13.3.rel1.macos64_1.0.0.202411102158/tools/bin/../lib/gcc/arm-none-eabi/13.3.1/thumb/v7e-m+fp/hard/crtbegin.o
 *(.bss*)
 .bss.hspi1     0x20000198       0x64 ./Core/Src/main.o
                0x20000198                hspi1
 .bss.huart1    0x200001fc       0x88 ./Core/Src/main.o
                0x200001fc                huart1
 .bss.huart2    0x20000284       0x88 ./Core/Src/main.o
                0x20000284                huart2
 .bss.esp_state
                0x2000030c        0x1 ./Core/Src/main.o
                0x2000030c                esp_state
 .bss.idx.2     0x2000030d        0x1 ./Core/Src/main.o
 *fill*         0x2000030e        0x2 
 .bss.rx_line.1
                0x20000310       0x80 ./Core/Src/main.o
 .bss.uwTick    0x20000390        0x4 ./Drivers/STM32F3xx_HAL_Driver/Src/stm32f3xx_hal.o
                0x20000390                uwTick
 .bss.cfgidx.0  0x20000394        0x1 ./Middlewares/ST/STM32_USB_Device_Library/Core/Src/usbd_ctlreq.o
 *fill*         0x20000395        0x3 
 .bss.hUsbDeviceFS
                0x20000398      0x2c4 ./USB_DEVICE/App/usb_device.o
                0x20000398                hUsbDeviceFS
 .bss.cmd_ready
                0x2000065c        0x1 ./USB_DEVICE/App/usbd_cdc_if.o
                0x2000065c                cmd_ready
 .bss.cmd_len   0x2000065d        0x1 ./USB_DEVICE/App/usbd_cdc_if.o
                0x2000065d                cmd_len
 *fill*         0x2000065e        0x2 
 .bss.cmd_buffer
                0x20000660       0x40 ./USB_DEVICE/App/usbd_cdc_if.o
                0x20000660                cmd_buffer
 .bss.UserRxBufferFS
                0x200006a0      0x400 ./USB_DEVICE/App/usbd_cdc_if.o
                0x200006a0                UserRxBufferFS
 .bss.UserTxBufferFS
                0x20000aa0      0x400 ./USB_DEVICE/App/usbd_cdc_if.o
                0x20000aa0                UserTxBufferFS
 .bss.USBD_StrDesc
                0x20000ea0      0x200 ./USB_DEVICE/App/usbd_desc.o
                0x20000ea0                USBD_StrDesc
 .bss.hpcd_USB_FS
                0x200010a0      0x2d4 ./USB_DEVICE/Target/usbd_conf.o
                0x200010a0                hpcd_USB_FS
 .bss.mem.0     0x20001374      0x220 ./USB_DEVICE/Target/usbd_conf.o
 *(COMMON)
                0x20001594                        . = ALIGN (0x4)
                0x20001594                        _ebss = .
                0x20001594                        __bss_end__ = _ebss

._user_heap_stack
                0x20001594      0x604
                0x20001598                        . = ALIGN (0x8)
 *fill*         0x20001594        0x4 
                [!provide]                        PROVIDE (end = .)
                0x20001598                        PROVIDE (_end = .)
                0x20001798                        . = (. + _Min_Heap_Size)
 *fill*         0x20001598      0x200 
                0x20001b98                        . = (. + _Min_Stack_Size)
 *fill*         0x20001798      0x400 
                0x20001b98                        . = ALIGN (0x8)

/DISCARD/
 libc.a(*)
 libm.a(*)
 libgcc.a(*)

.ARM.attributes
                0x00000000       0x30
 *(.ARM.attributes)
 .ARM.attributes
                0x00000000       0x22 /Applications/STM32CubeIDE.app/Contents/Eclipse/plugins/com.st.stm32cube.ide.mcu.externaltools.gnu-tools-for-stm32.13.3.rel1.macos64_1.0.0.202411102158/tools/bin/../lib/gcc/arm-none-eabi/13.3.1/thumb/v7e-m+fp/hard/crti.o
 .ARM.attributes
                0x00000022       0x34 /Applications/STM32CubeIDE.app/Contents/Eclipse/plugins/com.st.stm32cube.ide.mcu.externaltools.gnu-tools-for-stm32.13.3.rel1.macos64_1.0.0.202411102158/tools/bin/../lib/gcc/arm-none-eabi/13.3.1/thumb/v7e-m+fp/hard/crtbegin.o
 .ARM.attributes
                0x00000056       0x34 ./Core/Src/main.o
 .ARM.attributes
                0x0000008a       0x34 ./Core/Src/stm32f3xx_hal_msp.o
 .ARM.attributes
                0x000000be       0x34 ./Core/Src/stm32f3xx_it.o
 .ARM.attributes
                0x000000f2       0x34 ./Core/Src/system_stm32f3xx.o
 .ARM.attributes
                0x00000126       0x21 ./Core/Startup/startup_stm32f303vctx.o
 .ARM.attributes
                0x00000147       0x34 ./Drivers/STM32F3xx_HAL_Driver/Src/stm32f3xx_hal.o
 .ARM.attributes
                0x0000017b       0x34 ./Drivers/STM32F3xx_HAL_Driver/Src/stm32f3xx_hal_cortex.o
 .ARM.attributes
                0x000001af       0x34 ./Drivers/STM32F3xx_HAL_Driver/Src/stm32f3xx_hal_dma.o
 .ARM.attributes
                0x000001e3       0x34 ./Drivers/STM32F3xx_HAL_Driver/Src/stm32f3xx_hal_gpio.o
 .ARM.attributes
                0x00000217       0x34 ./Drivers/STM32F3xx_HAL_Driver/Src/stm32f3xx_hal_pcd.o
 .ARM.attributes
                0x0000024b       0x34 ./Drivers/STM32F3xx_HAL_Driver/Src/stm32f3xx_hal_pcd_ex.o
 .ARM.attributes
                0x0000027f       0x34 ./Drivers/STM32F3xx_HAL_Driver/Src/stm32f3xx_hal_rcc.o
 .ARM.attributes
                0x000002b3       0x34 ./Drivers/STM32F3xx_HAL_Driver/Src/stm32f3xx_hal_rcc_ex.o
 .ARM.attributes
                0x000002e7       0x34 ./Drivers/STM32F3xx_HAL_Driver/Src/stm32f3xx_hal_spi.o
 .ARM.attributes
                0x0000031b       0x34 ./Drivers/STM32F3xx_HAL_Driver/Src/stm32f3xx_hal_uart.o
 .ARM.attributes
                0x0000034f       0x34 ./Drivers/STM32F3xx_HAL_Driver/Src/stm32f3xx_hal_uart_ex.o
 .ARM.attributes
                0x00000383       0x34 ./Drivers/STM32F3xx_HAL_Driver/Src/stm32f3xx_ll_usb.o
 .ARM.attributes
                0x000003b7       0x34 ./Middlewares/ST/STM32_USB_Device_Library/Class/CDC/Src/usbd_cdc.o
 .ARM.attributes
                0x000003eb       0x34 ./Middlewares/ST/STM32_USB_Device_Library/Core/Src/usbd_core.o
 .ARM.attributes
                0x0000041f       0x34 ./Middlewares/ST/STM32_USB_Device_Library/Core/Src/usbd_ctlreq.o
 .ARM.attributes
                0x00000453       0x34 ./Middlewares/ST/STM32_USB_Device_Library/Core/Src/usbd_ioreq.o
 .ARM.attributes
                0x00000487       0x34 ./USB_DEVICE/App/usb_device.o
 .ARM.attributes
                0x000004bb       0x34 ./USB_DEVICE/App/usbd_cdc_if.o
 .ARM.attributes
                0x000004ef       0x34 ./USB_DEVICE/App/usbd_desc.o
 .ARM.attributes
                0x00000523       0x34 ./USB_DEVICE/Target/usbd_conf.o
 .ARM.attributes
                0x00000557       0x34 /Applications/STM32CubeIDE.app/Contents/Eclipse/plugins/com.st.stm32cube.ide.mcu.externaltools.gnu-tools-for-stm32.13.3.rel1.macos64_1.0.0.202411102158/tools/bin/../lib/gcc/arm-none-eabi/13.3.1/../../../../arm-none-eabi/lib/thumb/v7e-m+fp/hard/libc_nano.a(libc_a-memset.o)
 .ARM.attributes
                0x0000058b       0x34 /Applications/STM32CubeIDE.app/Contents/Eclipse/plugins/com.st.stm32cube.ide.mcu.externaltools.gnu-tools-for-stm32.13.3.rel1.macos64_1.0.0.202411102158/tools/bin/../lib/gcc/arm-none-eabi/13.3.1/../../../../arm-none-eabi/lib/thumb/v7e-m+fp/hard/libc_nano.a(libc_a-strstr.o)
 .ARM.attributes
                0x000005bf       0x34 /Applications/STM32CubeIDE.app/Contents/Eclipse/plugins/com.st.stm32cube.ide.mcu.externaltools.gnu-tools-for-stm32.13.3.rel1.macos64_1.0.0.202411102158/tools/bin/../lib/gcc/arm-none-eabi/13.3.1/../../../../arm-none-eabi/lib/thumb/v7e-m+fp/hard/libc_nano.a(libc_a-init.o)
 .ARM.attributes
                0x000005f3       0x17 /Applications/STM32CubeIDE.app/Contents/Eclipse/plugins/com.st.stm32cube.ide.mcu.externaltools.gnu-tools-for-stm32.13.3.rel1.macos64_1.0.0.202411102158/tools/bin/../lib/gcc/arm-none-eabi/13.3.1/../../../../arm-none-eabi/lib/thumb/v7e-m+fp/hard/libc_nano.a(libc_a-strlen.o)
 .ARM.attributes
                0x0000060a       0x22 /Applications/STM32CubeIDE.app/Contents/Eclipse/plugins/com.st.stm32cube.ide.mcu.externaltools.gnu-tools-for-stm32.13.3.rel1.macos64_1.0.0.202411102158/tools/bin/../lib/gcc/arm-none-eabi/13.3.1/thumb/v7e-m+fp/hard/crtn.o
OUTPUT(board.elf elf32-littlearm)
LOAD linker stubs
LOAD /Applications/STM32CubeIDE.app/Contents/Eclipse/plugins/com.st.stm32cube.ide.mcu.externaltools.gnu-tools-for-stm32.13.3.rel1.macos64_1.0.0.202411102158/tools/bin/../lib/gcc/arm-none-eabi/13.3.1/../../../../arm-none-eabi/lib/thumb/v7e-m+fp/hard/libc.a
LOAD /Applications/STM32CubeIDE.app/Contents/Eclipse/plugins/com.st.stm32cube.ide.mcu.externaltools.gnu-tools-for-stm32.13.3.rel1.macos64_1.0.0.202411102158/tools/bin/../lib/gcc/arm-none-eabi/13.3.1/../../../../arm-none-eabi/lib/thumb/v7e-m+fp/hard/libm.a
LOAD /Applications/STM32CubeIDE.app/Contents/Eclipse/plugins/com.st.stm32cube.ide.mcu.externaltools.gnu-tools-for-stm32.13.3.rel1.macos64_1.0.0.202411102158/tools/bin/../lib/gcc/arm-none-eabi/13.3.1/thumb/v7e-m+fp/hard/libgcc.a

.debug_info     0x00000000    0x15852
 .debug_info    0x00000000     0x1178 ./Core/Src/main.o
 .debug_info    0x00001178      0xe77 ./Core/Src/stm32f3xx_hal_msp.o
 .debug_info    0x00001fef      0xb75 ./Core/Src/stm32f3xx_it.o
 .debug_info    0x00002b64      0x407 ./Core/Src/system_stm32f3xx.o
 .debug_info    0x00002f6b       0x30 ./Core/Startup/startup_stm32f303vctx.o
 .debug_info    0x00002f9b      0x7d4 ./Drivers/STM32F3xx_HAL_Driver/Src/stm32f3xx_hal.o
 .debug_info    0x0000376f      0xce4 ./Drivers/STM32F3xx_HAL_Driver/Src/stm32f3xx_hal_cortex.o
 .debug_info    0x00004453      0x6e1 ./Drivers/STM32F3xx_HAL_Driver/Src/stm32f3xx_hal_dma.o
 .debug_info    0x00004b34      0x5fe ./Drivers/STM32F3xx_HAL_Driver/Src/stm32f3xx_hal_gpio.o
 .debug_info    0x00005132     0x166f ./Drivers/STM32F3xx_HAL_Driver/Src/stm32f3xx_hal_pcd.o
 .debug_info    0x000067a1      0x6a9 ./Drivers/STM32F3xx_HAL_Driver/Src/stm32f3xx_hal_pcd_ex.o
 .debug_info    0x00006e4a     0x148a ./Drivers/STM32F3xx_HAL_Driver/Src/stm32f3xx_hal_rcc.o
 .debug_info    0x000082d4      0x5b9 ./Drivers/STM32F3xx_HAL_Driver/Src/stm32f3xx_hal_rcc_ex.o
 .debug_info    0x0000888d     0x1622 ./Drivers/STM32F3xx_HAL_Driver/Src/stm32f3xx_hal_spi.o
 .debug_info    0x00009eaf     0x39a8 ./Drivers/STM32F3xx_HAL_Driver/Src/stm32f3xx_hal_uart.o
 .debug_info    0x0000d857      0xc9c ./Drivers/STM32F3xx_HAL_Driver/Src/stm32f3xx_hal_uart_ex.o
 .debug_info    0x0000e4f3     0x163b ./Drivers/STM32F3xx_HAL_Driver/Src/stm32f3xx_ll_usb.o
 .debug_info    0x0000fb2e     0x1028 ./Middlewares/ST/STM32_USB_Device_Library/Class/CDC/Src/usbd_cdc.o
 .debug_info    0x00010b56      0xa52 ./Middlewares/ST/STM32_USB_Device_Library/Core/Src/usbd_core.o
 .debug_info    0x000115a8      0x91c ./Middlewares/ST/STM32_USB_Device_Library/Core/Src/usbd_ctlreq.o
 .debug_info    0x00011ec4      0x6a0 ./Middlewares/ST/STM32_USB_Device_Library/Core/Src/usbd_ioreq.o
 .debug_info    0x00012564      0x63d ./USB_DEVICE/App/usb_device.o
 .debug_info    0x00012ba1      0xddb ./USB_DEVICE/App/usbd_cdc_if.o
 .debug_info    0x0001397c      0x44a ./USB_DEVICE/App/usbd_desc.o
 .debug_info    0x00013dc6     0x1a8c ./USB_DEVICE/Target/usbd_conf.o

.debug_abbrev   0x00000000     0x36cd
 .debug_abbrev  0x00000000      0x2c4 ./Core/Src/main.o
 .debug_abbrev  0x000002c4      0x1b0 ./Core/Src/stm32f3xx_hal_msp.o
 .debug_abbrev  0x00000474      0x1b9 ./Core/Src/stm32f3xx_it.o
 .debug_abbrev  0x0000062d      0x11a ./Core/Src/system_stm32f3xx.o
 .debug_abbrev  0x00000747       0x24 ./Core/Startup/startup_stm32f303vctx.o
 .debug_abbrev  0x0000076b      0x215 ./Drivers/STM32F3xx_HAL_Driver/Src/stm32f3xx_hal.o
 .debug_abbrev  0x00000980      0x31e ./Drivers/STM32F3xx_HAL_Driver/Src/stm32f3xx_hal_cortex.o
 .debug_abbrev  0x00000c9e      0x20d ./Drivers/STM32F3xx_HAL_Driver/Src/stm32f3xx_hal_dma.o
 .debug_abbrev  0x00000eab      0x1ca ./Drivers/STM32F3xx_HAL_Driver/Src/stm32f3xx_hal_gpio.o
 .debug_abbrev  0x00001075      0x2d9 ./Drivers/STM32F3xx_HAL_Driver/Src/stm32f3xx_hal_pcd.o
 .debug_abbrev  0x0000134e      0x189 ./Drivers/STM32F3xx_HAL_Driver/Src/stm32f3xx_hal_pcd_ex.o
 .debug_abbrev  0x000014d7      0x300 ./Drivers/STM32F3xx_HAL_Driver/Src/stm32f3xx_hal_rcc.o
 .debug_abbrev  0x000017d7      0x221 ./Drivers/STM32F3xx_HAL_Driver/Src/stm32f3xx_hal_rcc_ex.o
 .debug_abbrev  0x000019f8      0x269 ./Drivers/STM32F3xx_HAL_Driver/Src/stm32f3xx_hal_spi.o
 .debug_abbrev  0x00001c61      0x2d1 ./Drivers/STM32F3xx_HAL_Driver/Src/stm32f3xx_hal_uart.o
 .debug_abbrev  0x00001f32      0x2bf ./Drivers/STM32F3xx_HAL_Driver/Src/stm32f3xx_hal_uart_ex.o
 .debug_abbrev  0x000021f1      0x247 ./Drivers/STM32F3xx_HAL_Driver/Src/stm32f3xx_ll_usb.o
 .debug_abbrev  0x00002438      0x2d3 ./Middlewares/ST/STM32_USB_Device_Library/Class/CDC/Src/usbd_cdc.o
 .debug_abbrev  0x0000270b      0x24a ./Middlewares/ST/STM32_USB_Device_Library/Core/Src/usbd_core.o
 .debug_abbrev  0x00002955      0x26b ./Middlewares/ST/STM32_USB_Device_Library/Core/Src/usbd_ctlreq.o
 .debug_abbrev  0x00002bc0      0x192 ./Middlewares/ST/STM32_USB_Device_Library/Core/Src/usbd_ioreq.o
 .debug_abbrev  0x00002d52      0x18d ./USB_DEVICE/App/usb_device.o
 .debug_abbrev  0x00002edf      0x2d1 ./USB_DEVICE/App/usbd_cdc_if.o
 .debug_abbrev  0x000031b0      0x1ff ./USB_DEVICE/App/usbd_desc.o
 .debug_abbrev  0x000033af      0x31e ./USB_DEVICE/Target/usbd_conf.o

.debug_aranges  0x00000000      0xfb8
 .debug_aranges
                0x00000000       0x60 ./Core/Src/main.o
 .debug_aranges
                0x00000060       0x40 ./Core/Src/stm32f3xx_hal_msp.o
 .debug_aranges
                0x000000a0       0x78 ./Core/Src/stm32f3xx_it.o
 .debug_aranges
                0x00000118       0x28 ./Core/Src/system_stm32f3xx.o
 .debug_aranges
                0x00000140       0x28 ./Core/Startup/startup_stm32f303vctx.o
 .debug_aranges
                0x00000168       0xe0 ./Drivers/STM32F3xx_HAL_Driver/Src/stm32f3xx_hal.o
 .debug_aranges
                0x00000248      0x128 ./Drivers/STM32F3xx_HAL_Driver/Src/stm32f3xx_hal_cortex.o
 .debug_aranges
                0x00000370       0x88 ./Drivers/STM32F3xx_HAL_Driver/Src/stm32f3xx_hal_dma.o
 .debug_aranges
                0x000003f8       0x58 ./Drivers/STM32F3xx_HAL_Driver/Src/stm32f3xx_hal_gpio.o
 .debug_aranges
                0x00000450      0x140 ./Drivers/STM32F3xx_HAL_Driver/Src/stm32f3xx_hal_pcd.o
 .debug_aranges
                0x00000590       0x38 ./Drivers/STM32F3xx_HAL_Driver/Src/stm32f3xx_hal_pcd_ex.o
 .debug_aranges
                0x000005c8       0x88 ./Drivers/STM32F3xx_HAL_Driver/Src/stm32f3xx_hal_rcc.o
 .debug_aranges
                0x00000650       0x38 ./Drivers/STM32F3xx_HAL_Driver/Src/stm32f3xx_hal_rcc_ex.o
 .debug_aranges
                0x00000688      0x1d8 ./Drivers/STM32F3xx_HAL_Driver/Src/stm32f3xx_hal_spi.o
 .debug_aranges
                0x00000860      0x228 ./Drivers/STM32F3xx_HAL_Driver/Src/stm32f3xx_hal_uart.o
 .debug_aranges
                0x00000a88       0x70 ./Drivers/STM32F3xx_HAL_Driver/Src/stm32f3xx_hal_uart_ex.o
 .debug_aranges
                0x00000af8       0xc8 ./Drivers/STM32F3xx_HAL_Driver/Src/stm32f3xx_ll_usb.o
 .debug_aranges
                0x00000bc0       0x90 ./Middlewares/ST/STM32_USB_Device_Library/Class/CDC/Src/usbd_cdc.o
 .debug_aranges
                0x00000c50       0xb8 ./Middlewares/ST/STM32_USB_Device_Library/Core/Src/usbd_core.o
 .debug_aranges
                0x00000d08       0x88 ./Middlewares/ST/STM32_USB_Device_Library/Core/Src/usbd_ctlreq.o
 .debug_aranges
                0x00000d90       0x50 ./Middlewares/ST/STM32_USB_Device_Library/Core/Src/usbd_ioreq.o
 .debug_aranges
                0x00000de0       0x20 ./USB_DEVICE/App/usb_device.o
 .debug_aranges
                0x00000e00       0x40 ./USB_DEVICE/App/usbd_cdc_if.o
 .debug_aranges
                0x00000e40       0x60 ./USB_DEVICE/App/usbd_desc.o
 .debug_aranges
                0x00000ea0      0x118 ./USB_DEVICE/Target/usbd_conf.o

.debug_rnglists
                0x00000000      0xbeb
 .debug_rnglists
                0x00000000       0x46 ./Core/Src/main.o
 .debug_rnglists
                0x00000046       0x2d ./Core/Src/stm32f3xx_hal_msp.o
 .debug_rnglists
                0x00000073       0x55 ./Core/Src/stm32f3xx_it.o
 .debug_rnglists
                0x000000c8       0x1a ./Core/Src/system_stm32f3xx.o
 .debug_rnglists
                0x000000e2       0x19 ./Core/Startup/startup_stm32f303vctx.o
 .debug_rnglists
                0x000000fb       0xa3 ./Drivers/STM32F3xx_HAL_Driver/Src/stm32f3xx_hal.o
 .debug_rnglists
                0x0000019e       0xda ./Drivers/STM32F3xx_HAL_Driver/Src/stm32f3xx_hal_cortex.o
 .debug_rnglists
                0x00000278       0x69 ./Drivers/STM32F3xx_HAL_Driver/Src/stm32f3xx_hal_dma.o
 .debug_rnglists
                0x000002e1       0x3f ./Drivers/STM32F3xx_HAL_Driver/Src/stm32f3xx_hal_gpio.o
 .debug_rnglists
                0x00000320       0xf4 ./Drivers/STM32F3xx_HAL_Driver/Src/stm32f3xx_hal_pcd.o
 .debug_rnglists
                0x00000414       0x26 ./Drivers/STM32F3xx_HAL_Driver/Src/stm32f3xx_hal_pcd_ex.o
 .debug_rnglists
                0x0000043a       0x66 ./Drivers/STM32F3xx_HAL_Driver/Src/stm32f3xx_hal_rcc.o
 .debug_rnglists
                0x000004a0       0x28 ./Drivers/STM32F3xx_HAL_Driver/Src/stm32f3xx_hal_rcc_ex.o
 .debug_rnglists
                0x000004c8      0x178 ./Drivers/STM32F3xx_HAL_Driver/Src/stm32f3xx_hal_spi.o
 .debug_rnglists
                0x00000640      0x1da ./Drivers/STM32F3xx_HAL_Driver/Src/stm32f3xx_hal_uart.o
 .debug_rnglists
                0x0000081a       0x54 ./Drivers/STM32F3xx_HAL_Driver/Src/stm32f3xx_hal_uart_ex.o
 .debug_rnglists
                0x0000086e       0x99 ./Drivers/STM32F3xx_HAL_Driver/Src/stm32f3xx_ll_usb.o
 .debug_rnglists
                0x00000907       0x6a ./Middlewares/ST/STM32_USB_Device_Library/Class/CDC/Src/usbd_cdc.o
 .debug_rnglists
                0x00000971       0x89 ./Middlewares/ST/STM32_USB_Device_Library/Core/Src/usbd_core.o
 .debug_rnglists
                0x000009fa       0x68 ./Middlewares/ST/STM32_USB_Device_Library/Core/Src/usbd_ctlreq.o
 .debug_rnglists
                0x00000a62       0x37 ./Middlewares/ST/STM32_USB_Device_Library/Core/Src/usbd_ioreq.o
 .debug_rnglists
                0x00000a99       0x13 ./USB_DEVICE/App/usb_device.o
 .debug_rnglists
                0x00000aac       0x2d ./USB_DEVICE/App/usbd_cdc_if.o
 .debug_rnglists
                0x00000ad9       0x43 ./USB_DEVICE/App/usbd_desc.o
 .debug_rnglists
                0x00000b1c       0xcf ./USB_DEVICE/Target/usbd_conf.o

.debug_macro    0x00000000    0x2068c
 .debug_macro   0x00000000      0x3b9 ./Core/Src/main.o
 .debug_macro   0x000003b9      0xad8 ./Core/Src/main.o
 .debug_macro   0x00000e91      0x164 ./Core/Src/main.o
 .debug_macro   0x00000ff5       0x2e ./Core/Src/main.o
 .debug_macro   0x00001023       0x28 ./Core/Src/main.o
 .debug_macro   0x0000104b       0x22 ./Core/Src/main.o
 .debug_macro   0x0000106d       0x8e ./Core/Src/main.o
 .debug_macro   0x000010fb       0x51 ./Core/Src/main.o
 .debug_macro   0x0000114c      0x103 ./Core/Src/main.o
 .debug_macro   0x0000124f       0x6a ./Core/Src/main.o
 .debug_macro   0x000012b9      0x1df ./Core/Src/main.o
 .debug_macro   0x00001498       0x1c ./Core/Src/main.o
 .debug_macro   0x000014b4       0x22 ./Core/Src/main.o
 .debug_macro   0x000014d6       0xd9 ./Core/Src/main.o
 .debug_macro   0x000015af     0x102d ./Core/Src/main.o
 .debug_macro   0x000025dc      0x11f ./Core/Src/main.o
 .debug_macro   0x000026fb    0x12a3a ./Core/Src/main.o
 .debug_macro   0x00015135       0x6d ./Core/Src/main.o
 .debug_macro   0x000151a2     0x3574 ./Core/Src/main.o
 .debug_macro   0x00018716      0x190 ./Core/Src/main.o
 .debug_macro   0x000188a6       0x55 ./Core/Src/main.o
 .debug_macro   0x000188fb      0x961 ./Core/Src/main.o
 .debug_macro   0x0001925c      0x5fe ./Core/Src/main.o
 .debug_macro   0x0001985a      0x1b5 ./Core/Src/main.o
 .debug_macro   0x00019a0f      0x1fb ./Core/Src/main.o
 .debug_macro   0x00019c0a      0x1dc ./Core/Src/main.o
 .debug_macro   0x00019de6      0x1bc ./Core/Src/main.o
 .debug_macro   0x00019fa2       0x30 ./Core/Src/main.o
 .debug_macro   0x00019fd2       0x3c ./Core/Src/main.o
 .debug_macro   0x0001a00e      0x235 ./Core/Src/main.o
 .debug_macro   0x0001a243       0xc5 ./Core/Src/main.o
 .debug_macro   0x0001a308      0x21d ./Core/Src/main.o
 .debug_macro   0x0001a525      0x22c ./Core/Src/main.o
 .debug_macro   0x0001a751       0x5b ./Core/Src/main.o
 .debug_macro   0x0001a7ac       0xa5 ./Core/Src/main.o
 .debug_macro   0x0001a851       0x73 ./Core/Src/main.o
 .debug_macro   0x0001a8c4      0x242 ./Core/Src/main.o
 .debug_macro   0x0001ab06       0x81 ./Core/Src/main.o
 .debug_macro   0x0001ab87       0xd3 ./Core/Src/main.o
 .debug_macro   0x0001ac5a      0x2fe ./Core/Src/main.o
 .debug_macro   0x0001af58      0x5ba ./Core/Src/main.o
 .debug_macro   0x0001b512       0x3e ./Core/Src/main.o
 .debug_macro   0x0001b550      0x275 ./Core/Src/main.o
 .debug_macro   0x0001b7c5      0x148 ./Core/Src/main.o
 .debug_macro   0x0001b90d       0x61 ./Core/Src/main.o
 .debug_macro   0x0001b96e       0x2a ./Core/Src/main.o
 .debug_macro   0x0001b998       0x43 ./Core/Src/main.o
 .debug_macro   0x0001b9db       0x34 ./Core/Src/main.o
 .debug_macro   0x0001ba0f       0x16 ./Core/Src/main.o
 .debug_macro   0x0001ba25       0x3c ./Core/Src/main.o
 .debug_macro   0x0001ba61      0x370 ./Core/Src/main.o
 .debug_macro   0x0001bdd1       0x10 ./Core/Src/main.o
 .debug_macro   0x0001bde1       0x16 ./Core/Src/main.o
 .debug_macro   0x0001bdf7       0x4a ./Core/Src/main.o
 .debug_macro   0x0001be41       0x34 ./Core/Src/main.o
 .debug_macro   0x0001be75       0x10 ./Core/Src/main.o
 .debug_macro   0x0001be85       0x58 ./Core/Src/main.o
 .debug_macro   0x0001bedd       0x8e ./Core/Src/main.o
 .debug_macro   0x0001bf6b       0x1c ./Core/Src/main.o
 .debug_macro   0x0001bf87      0x185 ./Core/Src/main.o
 .debug_macro   0x0001c10c       0x16 ./Core/Src/main.o
 .debug_macro   0x0001c122       0x16 ./Core/Src/main.o
 .debug_macro   0x0001c138      0x146 ./Core/Src/main.o
 .debug_macro   0x0001c27e       0x16 ./Core/Src/main.o
 .debug_macro   0x0001c294       0x16 ./Core/Src/main.o
 .debug_macro   0x0001c2aa       0x29 ./Core/Src/main.o
 .debug_macro   0x0001c2d3       0x16 ./Core/Src/main.o
 .debug_macro   0x0001c2e9       0x20 ./Core/Src/main.o
 .debug_macro   0x0001c309       0x59 ./Core/Src/main.o
 .debug_macro   0x0001c362      0x1c8 ./Core/Src/main.o
 .debug_macro   0x0001c52a       0x8f ./Core/Src/main.o
 .debug_macro   0x0001c5b9       0x10 ./Core/Src/main.o
 .debug_macro   0x0001c5c9      0x20b ./Core/Src/stm32f3xx_hal_msp.o
 .debug_macro   0x0001c7d4      0x215 ./Core/Src/stm32f3xx_it.o
 .debug_macro   0x0001c9e9      0x1fc ./Core/Src/system_stm32f3xx.o
 .debug_macro   0x0001cbe5      0x220 ./Drivers/STM32F3xx_HAL_Driver/Src/stm32f3xx_hal.o
 .debug_macro   0x0001ce05      0x1fc ./Drivers/STM32F3xx_HAL_Driver/Src/stm32f3xx_hal_cortex.o
 .debug_macro   0x0001d001      0x1fc ./Drivers/STM32F3xx_HAL_Driver/Src/stm32f3xx_hal_dma.o
 .debug_macro   0x0001d1fd      0x203 ./Drivers/STM32F3xx_HAL_Driver/Src/stm32f3xx_hal_gpio.o
 .debug_macro   0x0001d400      0x208 ./Drivers/STM32F3xx_HAL_Driver/Src/stm32f3xx_hal_pcd.o
 .debug_macro   0x0001d608      0x1fc ./Drivers/STM32F3xx_HAL_Driver/Src/stm32f3xx_hal_pcd_ex.o
 .debug_macro   0x0001d804      0x220 ./Drivers/STM32F3xx_HAL_Driver/Src/stm32f3xx_hal_rcc.o
 .debug_macro   0x0001da24      0x1fc ./Drivers/STM32F3xx_HAL_Driver/Src/stm32f3xx_hal_rcc_ex.o
 .debug_macro   0x0001dc20      0x204 ./Drivers/STM32F3xx_HAL_Driver/Src/stm32f3xx_hal_spi.o
 .debug_macro   0x0001de24      0x219 ./Drivers/STM32F3xx_HAL_Driver/Src/stm32f3xx_hal_uart.o
 .debug_macro   0x0001e03d      0x1fc ./Drivers/STM32F3xx_HAL_Driver/Src/stm32f3xx_hal_uart_ex.o
 .debug_macro   0x0001e239      0x1fc ./Drivers/STM32F3xx_HAL_Driver/Src/stm32f3xx_ll_usb.o
 .debug_macro   0x0001e435      0x39a ./Middlewares/ST/STM32_USB_Device_Library/Class/CDC/Src/usbd_cdc.o
 .debug_macro   0x0001e7cf       0x9e ./Middlewares/ST/STM32_USB_Device_Library/Class/CDC/Src/usbd_cdc.o
 .debug_macro   0x0001e86d      0x112 ./Middlewares/ST/STM32_USB_Device_Library/Class/CDC/Src/usbd_cdc.o
 .debug_macro   0x0001e97f       0x4f ./Middlewares/ST/STM32_USB_Device_Library/Class/CDC/Src/usbd_cdc.o
 .debug_macro   0x0001e9ce      0x381 ./Middlewares/ST/STM32_USB_Device_Library/Core/Src/usbd_core.o
 .debug_macro   0x0001ed4f      0x1ce ./Middlewares/ST/STM32_USB_Device_Library/Core/Src/usbd_core.o
 .debug_macro   0x0001ef1d      0x38b ./Middlewares/ST/STM32_USB_Device_Library/Core/Src/usbd_ctlreq.o
 .debug_macro   0x0001f2a8      0x387 ./Middlewares/ST/STM32_USB_Device_Library/Core/Src/usbd_ioreq.o
 .debug_macro   0x0001f62f      0x3ba ./USB_DEVICE/App/usb_device.o
 .debug_macro   0x0001f9e9      0x14e ./USB_DEVICE/App/usb_device.o
 .debug_macro   0x0001fb37       0x22 ./USB_DEVICE/App/usb_device.o
 .debug_macro   0x0001fb59       0x16 ./USB_DEVICE/App/usb_device.o
 .debug_macro   0x0001fb6f      0x3a5 ./USB_DEVICE/App/usbd_cdc_if.o
 .debug_macro   0x0001ff14      0x3be ./USB_DEVICE/App/usbd_desc.o
 .debug_macro   0x000202d2       0x1c ./USB_DEVICE/App/usbd_desc.o
 .debug_macro   0x000202ee      0x39e ./USB_DEVICE/Target/usbd_conf.o

.debug_line     0x00000000    0x166ff
 .debug_line    0x00000000      0xc89 ./Core/Src/main.o
 .debug_line    0x00000c89      0x88b ./Core/Src/stm32f3xx_hal_msp.o
 .debug_line    0x00001514      0x8af ./Core/Src/stm32f3xx_it.o
 .debug_line    0x00001dc3      0x832 ./Core/Src/system_stm32f3xx.o
 .debug_line    0x000025f5       0x7a ./Core/Startup/startup_stm32f303vctx.o
 .debug_line    0x0000266f      0xa6e ./Drivers/STM32F3xx_HAL_Driver/Src/stm32f3xx_hal.o
 .debug_line    0x000030dd      0xd39 ./Drivers/STM32F3xx_HAL_Driver/Src/stm32f3xx_hal_cortex.o
 .debug_line    0x00003e16      0xd5c ./Drivers/STM32F3xx_HAL_Driver/Src/stm32f3xx_hal_dma.o
 .debug_line    0x00004b72      0xbb9 ./Drivers/STM32F3xx_HAL_Driver/Src/stm32f3xx_hal_gpio.o
 .debug_line    0x0000572b     0x132e ./Drivers/STM32F3xx_HAL_Driver/Src/stm32f3xx_hal_pcd.o
 .debug_line    0x00006a59      0x832 ./Drivers/STM32F3xx_HAL_Driver/Src/stm32f3xx_hal_pcd_ex.o
 .debug_line    0x0000728b     0x15cd ./Drivers/STM32F3xx_HAL_Driver/Src/stm32f3xx_hal_rcc.o
 .debug_line    0x00008858      0xe0a ./Drivers/STM32F3xx_HAL_Driver/Src/stm32f3xx_hal_rcc_ex.o
 .debug_line    0x00009662     0x2141 ./Drivers/STM32F3xx_HAL_Driver/Src/stm32f3xx_hal_spi.o
 .debug_line    0x0000b7a3     0x2cc1 ./Drivers/STM32F3xx_HAL_Driver/Src/stm32f3xx_hal_uart.o
 .debug_line    0x0000e464      0xb89 ./Drivers/STM32F3xx_HAL_Driver/Src/stm32f3xx_hal_uart_ex.o
 .debug_line    0x0000efed     0x114f ./Drivers/STM32F3xx_HAL_Driver/Src/stm32f3xx_ll_usb.o
 .debug_line    0x0001013c      0xdc1 ./Middlewares/ST/STM32_USB_Device_Library/Class/CDC/Src/usbd_cdc.o
 .debug_line    0x00010efd      0xe16 ./Middlewares/ST/STM32_USB_Device_Library/Core/Src/usbd_core.o
 .debug_line    0x00011d13     0x1060 ./Middlewares/ST/STM32_USB_Device_Library/Core/Src/usbd_ctlreq.o
 .debug_line    0x00012d73      0xacc ./Middlewares/ST/STM32_USB_Device_Library/Core/Src/usbd_ioreq.o
 .debug_line    0x0001383f      0xa35 ./USB_DEVICE/App/usb_device.o
 .debug_line    0x00014274      0xab9 ./USB_DEVICE/App/usbd_cdc_if.o
 .debug_line    0x00014d2d      0xb45 ./USB_DEVICE/App/usbd_desc.o
 .debug_line    0x00015872      0xe8d ./USB_DEVICE/Target/usbd_conf.o

.debug_str      0x00000000    0xb4961
 .debug_str     0x00000000    0xb4961 ./Core/Src/main.o
                              0xb1493 (size before relaxing)
 .debug_str     0x000b4961    0xaceb3 ./Core/Src/stm32f3xx_hal_msp.o
 .debug_str     0x000b4961    0xacb50 ./Core/Src/stm32f3xx_it.o
 .debug_str     0x000b4961    0xabf79 ./Core/Src/system_stm32f3xx.o
 .debug_str     0x000b4961       0x63 ./Core/Startup/startup_stm32f303vctx.o
 .debug_str     0x000b4961    0xac7b7 ./Drivers/STM32F3xx_HAL_Driver/Src/stm32f3xx_hal.o
 .debug_str     0x000b4961    0xac83b ./Drivers/STM32F3xx_HAL_Driver/Src/stm32f3xx_hal_cortex.o
 .debug_str     0x000b4961    0xac2c1 ./Drivers/STM32F3xx_HAL_Driver/Src/stm32f3xx_hal_dma.o
 .debug_str     0x000b4961    0xac0e6 ./Drivers/STM32F3xx_HAL_Driver/Src/stm32f3xx_hal_gpio.o
 .debug_str     0x000b4961    0xac7ae ./Drivers/STM32F3xx_HAL_Driver/Src/stm32f3xx_hal_pcd.o
 .debug_str     0x000b4961    0xac368 ./Drivers/STM32F3xx_HAL_Driver/Src/stm32f3xx_hal_pcd_ex.o
 .debug_str     0x000b4961    0xac419 ./Drivers/STM32F3xx_HAL_Driver/Src/stm32f3xx_hal_rcc.o
 .debug_str     0x000b4961    0xac1dd ./Drivers/STM32F3xx_HAL_Driver/Src/stm32f3xx_hal_rcc_ex.o
 .debug_str     0x000b4961    0xac89f ./Drivers/STM32F3xx_HAL_Driver/Src/stm32f3xx_hal_spi.o
 .debug_str     0x000b4961    0xacc9c ./Drivers/STM32F3xx_HAL_Driver/Src/stm32f3xx_hal_uart.o
 .debug_str     0x000b4961    0xac5a1 ./Drivers/STM32F3xx_HAL_Driver/Src/stm32f3xx_hal_uart_ex.o
 .debug_str     0x000b4961    0xac303 ./Drivers/STM32F3xx_HAL_Driver/Src/stm32f3xx_ll_usb.o
 .debug_str     0x000b4961    0xb130c ./Middlewares/ST/STM32_USB_Device_Library/Class/CDC/Src/usbd_cdc.o
 .debug_str     0x000b4961    0xb0c53 ./Middlewares/ST/STM32_USB_Device_Library/Core/Src/usbd_core.o
 .debug_str     0x000b4961    0xb0b6d ./Middlewares/ST/STM32_USB_Device_Library/Core/Src/usbd_ctlreq.o
 .debug_str     0x000b4961    0xb0a9a ./Middlewares/ST/STM32_USB_Device_Library/Core/Src/usbd_ioreq.o
 .debug_str     0x000b4961    0xb0e47 ./USB_DEVICE/App/usb_device.o
 .debug_str     0x000b4961    0xb1298 ./USB_DEVICE/App/usbd_cdc_if.o
 .debug_str     0x000b4961    0xb09d6 ./USB_DEVICE/App/usbd_desc.o
 .debug_str     0x000b4961    0xb1a95 ./USB_DEVICE/Target/usbd_conf.o

.comment        0x00000000       0x43
 .comment       0x00000000       0x43 ./Core/Src/main.o
                                 0x44 (size before relaxing)
 .comment       0x00000043       0x44 ./Core/Src/stm32f3xx_hal_msp.o
 .comment       0x00000043       0x44 ./Core/Src/stm32f3xx_it.o
 .comment       0x00000043       0x44 ./Core/Src/system_stm32f3xx.o
 .comment       0x00000043       0x44 ./Drivers/STM32F3xx_HAL_Driver/Src/stm32f3xx_hal.o
 .comment       0x00000043       0x44 ./Drivers/STM32F3xx_HAL_Driver/Src/stm32f3xx_hal_cortex.o
 .comment       0x00000043       0x44 ./Drivers/STM32F3xx_HAL_Driver/Src/stm32f3xx_hal_dma.o
 .comment       0x00000043       0x44 ./Drivers/STM32F3xx_HAL_Driver/Src/stm32f3xx_hal_gpio.o
 .comment       0x00000043       0x44 ./Drivers/STM32F3xx_HAL_Driver/Src/stm32f3xx_hal_pcd.o
 .comment       0x00000043       0x44 ./Drivers/STM32F3xx_HAL_Driver/Src/stm32f3xx_hal_pcd_ex.o
 .comment       0x00000043       0x44 ./Drivers/STM32F3xx_HAL_Driver/Src/stm32f3xx_hal_rcc.o
 .comment       0x00000043       0x44 ./Drivers/STM32F3xx_HAL_Driver/Src/stm32f3xx_hal_rcc_ex.o
 .comment       0x00000043       0x44 ./Drivers/STM32F3xx_HAL_Driver/Src/stm32f3xx_hal_spi.o
 .comment       0x00000043       0x44 ./Drivers/STM32F3xx_HAL_Driver/Src/stm32f3xx_hal_uart.o
 .comment       0x00000043       0x44 ./Drivers/STM32F3xx_HAL_Driver/Src/stm32f3xx_hal_uart_ex.o
 .comment       0x00000043       0x44 ./Drivers/STM32F3xx_HAL_Driver/Src/stm32f3xx_ll_usb.o
 .comment       0x00000043       0x44 ./Middlewares/ST/STM32_USB_Device_Library/Class/CDC/Src/usbd_cdc.o
 .comment       0x00000043       0x44 ./Middlewares/ST/STM32_USB_Device_Library/Core/Src/usbd_core.o
 .comment       0x00000043       0x44 ./Middlewares/ST/STM32_USB_Device_Library/Core/Src/usbd_ctlreq.o
 .comment       0x00000043       0x44 ./Middlewares/ST/STM32_USB_Device_Library/Core/Src/usbd_ioreq.o
 .comment       0x00000043       0x44 ./USB_DEVICE/App/usb_device.o
 .comment       0x00000043       0x44 ./USB_DEVICE/App/usbd_cdc_if.o
 .comment       0x00000043       0x44 ./USB_DEVICE/App/usbd_desc.o
 .comment       0x00000043       0x44 ./USB_DEVICE/Target/usbd_conf.o

.debug_frame    0x00000000     0x3f84
 .debug_frame   0x00000000      0x134 ./Core/Src/main.o
 .debug_frame   0x00000134       0xc4 ./Core/Src/stm32f3xx_hal_msp.o
 .debug_frame   0x000001f8      0x158 ./Core/Src/stm32f3xx_it.o
 .debug_frame   0x00000350       0x58 ./Core/Src/system_stm32f3xx.o
 .debug_frame   0x000003a8      0x334 ./Drivers/STM32F3xx_HAL_Driver/Src/stm32f3xx_hal.o
 .debug_frame   0x000006dc      0x4e8 ./Drivers/STM32F3xx_HAL_Driver/Src/stm32f3xx_hal_cortex.o
 .debug_frame   0x00000bc4      0x224 ./Drivers/STM32F3xx_HAL_Driver/Src/stm32f3xx_hal_dma.o
 .debug_frame   0x00000de8      0x14c ./Drivers/STM32F3xx_HAL_Driver/Src/stm32f3xx_hal_gpio.o
 .debug_frame   0x00000f34      0x590 ./Drivers/STM32F3xx_HAL_Driver/Src/stm32f3xx_hal_pcd.o
 .debug_frame   0x000014c4       0xb0 ./Drivers/STM32F3xx_HAL_Driver/Src/stm32f3xx_hal_pcd_ex.o
 .debug_frame   0x00001574      0x214 ./Drivers/STM32F3xx_HAL_Driver/Src/stm32f3xx_hal_rcc.o
 .debug_frame   0x00001788       0xb0 ./Drivers/STM32F3xx_HAL_Driver/Src/stm32f3xx_hal_rcc_ex.o
 .debug_frame   0x00001838      0x860 ./Drivers/STM32F3xx_HAL_Driver/Src/stm32f3xx_hal_spi.o
 .debug_frame   0x00002098      0x9e8 ./Drivers/STM32F3xx_HAL_Driver/Src/stm32f3xx_hal_uart.o
 .debug_frame   0x00002a80      0x1b4 ./Drivers/STM32F3xx_HAL_Driver/Src/stm32f3xx_hal_uart_ex.o
 .debug_frame   0x00002c34      0x380 ./Drivers/STM32F3xx_HAL_Driver/Src/stm32f3xx_ll_usb.o
 .debug_frame   0x00002fb4      0x248 ./Middlewares/ST/STM32_USB_Device_Library/Class/CDC/Src/usbd_cdc.o
 .debug_frame   0x000031fc      0x300 ./Middlewares/ST/STM32_USB_Device_Library/Core/Src/usbd_core.o
 .debug_frame   0x000034fc      0x218 ./Middlewares/ST/STM32_USB_Device_Library/Core/Src/usbd_ctlreq.o
 .debug_frame   0x00003714      0x10c ./Middlewares/ST/STM32_USB_Device_Library/Core/Src/usbd_ioreq.o
 .debug_frame   0x00003820       0x2c ./USB_DEVICE/App/usb_device.o
 .debug_frame   0x0000384c       0xbc ./USB_DEVICE/App/usbd_cdc_if.o
 .debug_frame   0x00003908      0x160 ./USB_DEVICE/App/usbd_desc.o
 .debug_frame   0x00003a68      0x4a4 ./USB_DEVICE/Target/usbd_conf.o
 .debug_frame   0x00003f0c       0x20 /Applications/STM32CubeIDE.app/Contents/Eclipse/plugins/com.st.stm32cube.ide.mcu.externaltools.gnu-tools-for-stm32.13.3.rel1.macos64_1.0.0.202411102158/tools/bin/../lib/gcc/arm-none-eabi/13.3.1/../../../../arm-none-eabi/lib/thumb/v7e-m+fp/hard/libc_nano.a(libc_a-memset.o)
 .debug_frame   0x00003f2c       0x2c /Applications/STM32CubeIDE.app/Contents/Eclipse/plugins/com.st.stm32cube.ide.mcu.externaltools.gnu-tools-for-stm32.13.3.rel1.macos64_1.0.0.202411102158/tools/bin/../lib/gcc/arm-none-eabi/13.3.1/../../../../arm-none-eabi/lib/thumb/v7e-m+fp/hard/libc_nano.a(libc_a-strstr.o)
 .debug_frame   0x00003f58       0x2c /Applications/STM32CubeIDE.app/Contents/Eclipse/plugins/com.st.stm32cube.ide.mcu.externaltools.gnu-tools-for-stm32.13.3.rel1.macos64_1.0.0.202411102158/tools/bin/../lib/gcc/arm-none-eabi/13.3.1/../../../../arm-none-eabi/lib/thumb/v7e-m+fp/hard/libc_nano.a(libc_a-init.o)

.debug_line_str
                0x00000000       0x47
 .debug_line_str
                0x00000000       0x47 ./Core/Startup/startup_stm32f303vctx.o
