../Core/Src/stm32f3xx_it.c:63:6:NMI_Handler	4	static
../Core/Src/stm32f3xx_it.c:77:6:HardFault_Handler	4	static
../Core/Src/stm32f3xx_it.c:91:6:MemManage_Handler	4	static
../Core/Src/stm32f3xx_it.c:106:6:BusFault_Handler	4	static
../Core/Src/stm32f3xx_it.c:121:6:UsageFault_Handler	4	static
../Core/Src/stm32f3xx_it.c:136:6:SVC_Handler	4	static
../Core/Src/stm32f3xx_it.c:149:6:DebugMon_Handler	4	static
../Core/Src/stm32f3xx_it.c:162:6:PendSV_Handler	4	static
../Core/Src/stm32f3xx_it.c:175:6:SysTick_Handler	8	static
../Core/Src/stm32f3xx_it.c:196:6:USB_LP_CAN_RX0_IRQHandler	8	static
../Core/Src/stm32f3xx_it.c:212:6:EXTI1_IRQHandler	8	static
