../Core/Src/main.c:61:6:ESP_Send_Command	16	static
../Core/Src/main.c:67:9:spiRead	32	static
../Core/Src/main.c:79:6:spiWrite	24	static
../Core/Src/main.c:89:6:initL3GD20	8	static
../Core/Src/main.c:96:7:readActivity	40	static
../Core/Src/main.c:110:6:setup_esp_wifi	16	static
../Core/Src/main.c:153:5:main	192	static
../Core/Src/main.c:222:6:SystemClock_Config	128	static
../Core/Src/main.c:270:13:MX_SPI1_Init	8	static
../Core/Src/main.c:310:13:MX_USART1_UART_Init	8	static
../Core/Src/main.c:345:13:MX_GPIO_Init	48	static
../Core/Src/main.c:402:6:Error_Handler	4	static,ignoring_inline_asm
