../Core/Src/main.c:60:6:ESP_Send_Command	16	static
../Core/Src/main.c:65:9:spiRead	32	static
../Core/Src/main.c:77:6:spiWrite	24	static
../Core/Src/main.c:86:6:initL3GD20	16	static
../Core/Src/main.c:99:7:readActivity	48	static
../Core/Src/main.c:123:6:setup_esp_wifi	16	static
../Core/Src/main.c:188:5:main	56	static
../Core/Src/main.c:279:6:SystemClock_Config	128	static
../Core/Src/main.c:327:13:MX_SPI1_Init	8	static
../Core/Src/main.c:367:13:MX_USART1_UART_Init	8	static
../Core/Src/main.c:402:13:MX_GPIO_Init	48	static
../Core/Src/main.c:459:6:Error_Handler	4	static,ignoring_inline_asm
